Archive member included to satisfy reference by file (symbol)

/opt/st/stm32cubeide_1.19.0/plugins/com.st.stm32cube.ide.mcu.externaltools.gnu-tools-for-stm32.13.3.rel1.linux64_1.0.0.202410170706/tools/bin/../lib/gcc/arm-none-eabi/13.3.1/../../../../arm-none-eabi/lib/thumb/v7e-m+fp/hard/libc_nano.a(libc_a-exit.o)
                              /opt/st/stm32cubeide_1.19.0/plugins/com.st.stm32cube.ide.mcu.externaltools.gnu-tools-for-stm32.13.3.rel1.linux64_1.0.0.202410170706/tools/bin/../lib/gcc/arm-none-eabi/13.3.1/../../../../arm-none-eabi/lib/thumb/v7e-m+fp/hard/crt0.o (exit)
/opt/st/stm32cubeide_1.19.0/plugins/com.st.stm32cube.ide.mcu.externaltools.gnu-tools-for-stm32.13.3.rel1.linux64_1.0.0.202410170706/tools/bin/../lib/gcc/arm-none-eabi/13.3.1/../../../../arm-none-eabi/lib/thumb/v7e-m+fp/hard/libc_nano.a(libc_a-findfp.o)
                              ./Middlewares/Third_Party/FreeRTOS/Source/tasks.o (__sf)
/opt/st/stm32cubeide_1.19.0/plugins/com.st.stm32cube.ide.mcu.externaltools.gnu-tools-for-stm32.13.3.rel1.linux64_1.0.0.202410170706/tools/bin/../lib/gcc/arm-none-eabi/13.3.1/../../../../arm-none-eabi/lib/thumb/v7e-m+fp/hard/libc_nano.a(libc_a-fwalk.o)
                              /opt/st/stm32cubeide_1.19.0/plugins/com.st.stm32cube.ide.mcu.externaltools.gnu-tools-for-stm32.13.3.rel1.linux64_1.0.0.202410170706/tools/bin/../lib/gcc/arm-none-eabi/13.3.1/../../../../arm-none-eabi/lib/thumb/v7e-m+fp/hard/libc_nano.a(libc_a-findfp.o) (_fwalk_sglue)
/opt/st/stm32cubeide_1.19.0/plugins/com.st.stm32cube.ide.mcu.externaltools.gnu-tools-for-stm32.13.3.rel1.linux64_1.0.0.202410170706/tools/bin/../lib/gcc/arm-none-eabi/13.3.1/../../../../arm-none-eabi/lib/thumb/v7e-m+fp/hard/libc_nano.a(libc_a-snprintf.o)
                              ./Core/Src/thread_proto.o (snprintf)
/opt/st/stm32cubeide_1.19.0/plugins/com.st.stm32cube.ide.mcu.externaltools.gnu-tools-for-stm32.13.3.rel1.linux64_1.0.0.202410170706/tools/bin/../lib/gcc/arm-none-eabi/13.3.1/../../../../arm-none-eabi/lib/thumb/v7e-m+fp/hard/libc_nano.a(libc_a-stdio.o)
                              /opt/st/stm32cubeide_1.19.0/plugins/com.st.stm32cube.ide.mcu.externaltools.gnu-tools-for-stm32.13.3.rel1.linux64_1.0.0.202410170706/tools/bin/../lib/gcc/arm-none-eabi/13.3.1/../../../../arm-none-eabi/lib/thumb/v7e-m+fp/hard/libc_nano.a(libc_a-findfp.o) (__sread)
/opt/st/stm32cubeide_1.19.0/plugins/com.st.stm32cube.ide.mcu.externaltools.gnu-tools-for-stm32.13.3.rel1.linux64_1.0.0.202410170706/tools/bin/../lib/gcc/arm-none-eabi/13.3.1/../../../../arm-none-eabi/lib/thumb/v7e-m+fp/hard/libc_nano.a(libc_a-memcmp.o)
                              ./Core/Src/cobs_crc16.o (memcmp)
/opt/st/stm32cubeide_1.19.0/plugins/com.st.stm32cube.ide.mcu.externaltools.gnu-tools-for-stm32.13.3.rel1.linux64_1.0.0.202410170706/tools/bin/../lib/gcc/arm-none-eabi/13.3.1/../../../../arm-none-eabi/lib/thumb/v7e-m+fp/hard/libc_nano.a(libc_a-memset.o)
                              /opt/st/stm32cubeide_1.19.0/plugins/com.st.stm32cube.ide.mcu.externaltools.gnu-tools-for-stm32.13.3.rel1.linux64_1.0.0.202410170706/tools/bin/../lib/gcc/arm-none-eabi/13.3.1/../../../../arm-none-eabi/lib/thumb/v7e-m+fp/hard/crt0.o (memset)
/opt/st/stm32cubeide_1.19.0/plugins/com.st.stm32cube.ide.mcu.externaltools.gnu-tools-for-stm32.13.3.rel1.linux64_1.0.0.202410170706/tools/bin/../lib/gcc/arm-none-eabi/13.3.1/../../../../arm-none-eabi/lib/thumb/v7e-m+fp/hard/libc_nano.a(libc_a-strncpy.o)
                              ./Core/Src/cobs_crc16.o (strncpy)
/opt/st/stm32cubeide_1.19.0/plugins/com.st.stm32cube.ide.mcu.externaltools.gnu-tools-for-stm32.13.3.rel1.linux64_1.0.0.202410170706/tools/bin/../lib/gcc/arm-none-eabi/13.3.1/../../../../arm-none-eabi/lib/thumb/v7e-m+fp/hard/libc_nano.a(libc_a-closer.o)
                              /opt/st/stm32cubeide_1.19.0/plugins/com.st.stm32cube.ide.mcu.externaltools.gnu-tools-for-stm32.13.3.rel1.linux64_1.0.0.202410170706/tools/bin/../lib/gcc/arm-none-eabi/13.3.1/../../../../arm-none-eabi/lib/thumb/v7e-m+fp/hard/libc_nano.a(libc_a-stdio.o) (_close_r)
/opt/st/stm32cubeide_1.19.0/plugins/com.st.stm32cube.ide.mcu.externaltools.gnu-tools-for-stm32.13.3.rel1.linux64_1.0.0.202410170706/tools/bin/../lib/gcc/arm-none-eabi/13.3.1/../../../../arm-none-eabi/lib/thumb/v7e-m+fp/hard/libc_nano.a(libc_a-reent.o)
                              ./Middlewares/Third_Party/FreeRTOS/Source/tasks.o (_reclaim_reent)
/opt/st/stm32cubeide_1.19.0/plugins/com.st.stm32cube.ide.mcu.externaltools.gnu-tools-for-stm32.13.3.rel1.linux64_1.0.0.202410170706/tools/bin/../lib/gcc/arm-none-eabi/13.3.1/../../../../arm-none-eabi/lib/thumb/v7e-m+fp/hard/libc_nano.a(libc_a-impure.o)
                              ./Middlewares/Third_Party/FreeRTOS/Source/tasks.o (_impure_ptr)
/opt/st/stm32cubeide_1.19.0/plugins/com.st.stm32cube.ide.mcu.externaltools.gnu-tools-for-stm32.13.3.rel1.linux64_1.0.0.202410170706/tools/bin/../lib/gcc/arm-none-eabi/13.3.1/../../../../arm-none-eabi/lib/thumb/v7e-m+fp/hard/libc_nano.a(libc_a-lseekr.o)
[...]
Memory Configuration

Name             Origin             Length             Attributes
RAM              0x20000000         0x0000c000         xrw
RAM2             0x10000000         0x00004000         xrw
FLASH            0x08000000         0x00040000         xr
*default*        0x00000000         0xffffffff

Linker script and memory map

LOAD /opt/st/stm32cubeide_1.19.0/plugins/com.st.stm32cube.ide.mcu.externaltools.gnu-tools-for-stm32.13.3.rel1.linux64_1.0.0.202410170706/tools/bin/../lib/gcc/arm-none-eabi/13.3.1/thumb/v7e-m+fp/hard/crti.o
LOAD /opt/st/stm32cubeide_1.19.0/plugins/com.st.stm32cube.ide.mcu.externaltools.gnu-tools-for-stm32.13.3.rel1.linux64_1.0.0.202410170706/tools/bin/../lib/gcc/arm-none-eabi/13.3.1/thumb/v7e-m+fp/hard/crtbegin.o
LOAD /opt/st/stm32cubeide_1.19.0/plugins/com.st.stm32cube.ide.mcu.externaltools.gnu-tools-for-stm32.13.3.rel1.linux64_1.0.0.202410170706/tools/bin/../lib/gcc/arm-none-eabi/13.3.1/../../../../arm-none-eabi/lib/thumb/v7e-m+fp/hard/crt0.o
LOAD ./Core/Src/bmp280.o
LOAD ./Core/Src/cobs_crc16.o
LOAD ./Core/Src/freertos.o
LOAD ./Core/Src/i2c-mux.o
LOAD ./Core/Src/integration_max6650.o
LOAD ./Core/Src/integration_mux_bmp280.o
LOAD ./Core/Src/main.o
LOAD ./Core/Src/stm32l4xx_hal_msp.o
LOAD ./Core/Src/stm32l4xx_it.o
LOAD ./Core/Src/syscalls.o
LOAD ./Core/Src/sysmem.o
LOAD ./Core/Src/system_stm32l4xx.o
LOAD ./Core/Src/thread_proto.o
LOAD ./Core/Startup/startup_stm32l432kcux.o
LOAD ./Drivers/STM32L4xx_HAL_Driver/Src/stm32l4xx_hal.o
LOAD ./Drivers/STM32L4xx_HAL_Driver/Src/stm32l4xx_hal_can.o
LOAD ./Drivers/STM32L4xx_HAL_Driver/Src/stm32l4xx_hal_cortex.o
LOAD ./Drivers/STM32L4xx_HAL_Driver/Src/stm32l4xx_hal_dma.o
LOAD ./Drivers/STM32L4xx_HAL_Driver/Src/stm32l4xx_hal_dma_ex.o
LOAD ./Drivers/STM32L4xx_HAL_Driver/Src/stm32l4xx_hal_exti.o
LOAD ./Drivers/STM32L4xx_HAL_Driver/Src/stm32l4xx_hal_flash.o
LOAD ./Drivers/STM32L4xx_HAL_Driver/Src/stm32l4xx_hal_flash_ex.o
LOAD ./Drivers/STM32L4xx_HAL_Driver/Src/stm32l4xx_hal_flash_ramfunc.o
LOAD ./Drivers/STM32L4xx_HAL_Driver/Src/stm32l4xx_hal_gpio.o
LOAD ./Drivers/STM32L4xx_HAL_Driver/Src/stm32l4xx_hal_i2c.o
LOAD ./Drivers/STM32L4xx_HAL_Driver/Src/stm32l4xx_hal_i2c_ex.o
LOAD ./Drivers/STM32L4xx_HAL_Driver/Src/stm32l4xx_hal_pwr.o
LOAD ./Drivers/STM32L4xx_HAL_Driver/Src/stm32l4xx_hal_pwr_ex.o
LOAD ./Drivers/STM32L4xx_HAL_Driver/Src/stm32l4xx_hal_rcc.o
LOAD ./Drivers/STM32L4xx_HAL_Driver/Src/stm32l4xx_hal_rcc_ex.o
LOAD ./Drivers/STM32L4xx_HAL_Driver/Src/stm32l4xx_hal_uart.o
LOAD ./Drivers/STM32L4xx_HAL_Driver/Src/stm32l4xx_hal_uart_ex.o
LOAD ./Middlewares/Third_Party/FreeRTOS/Source/CMSIS_RTOS/cmsis_os.o
LOAD ./Middlewares/Third_Party/FreeRTOS/Source/croutine.o
LOAD ./Middlewares/Third_Party/FreeRTOS/Source/event_groups.o
LOAD ./Middlewares/Third_Party/FreeRTOS/Source/list.o
LOAD ./Middlewares/Third_Party/FreeRTOS/Source/queue.o
LOAD ./Middlewares/Third_Party/FreeRTOS/Source/stream_buffer.o
LOAD ./Middlewares/Third_Party/FreeRTOS/Source/tasks.o
LOAD ./Middlewares/Third_Party/FreeRTOS/Source/timers.o
LOAD ./Middlewares/Third_Party/FreeRTOS/Source/portable/GCC/ARM_CM4F/port.o
LOAD ./Middlewares/Third_Party/FreeRTOS/Source/portable/MemMang/heap_4.o
START GROUP
LOAD /opt/st/stm32cubeide_1.19.0/plugins/com.st.stm32cube.ide.mcu.externaltools.gnu-tools-for-stm32.13.3.rel1.linux64_1.0.0.202410170706/tools/bin/../lib/gcc/arm-none-eabi/13.3.1/../../../../arm-none-eabi/lib/thumb/v7e-m+fp/hard/libc_nano.a
LOAD /opt/st/stm32cubeide_1.19.0/plugins/com.st.stm32cube.ide.mcu.externaltools.gnu-tools-for-stm32.13.3.rel1.linux64_1.0.0.202410170706/tools/bin/../lib/gcc/arm-none-eabi/13.3.1/../../../../arm-none-eabi/lib/thumb/v7e-m+fp/hard/libm.a
END GROUP
START GROUP
LOAD /opt/st/stm32cubeide_1.19.0/plugins/com.st.stm32cube.ide.mcu.externaltools.gnu-tools-for-stm32.13.3.rel1.linux64_1.0.0.202410170706/tools/bin/../lib/gcc/arm-none-eabi/13.3.1/thumb/v7e-m+fp/hard/libgcc.a
LOAD /opt/st/stm32cubeide_1.19.0/plugins/com.st.stm32cube.ide.mcu.externaltools.gnu-tools-for-stm32.13.3.rel1.linux64_1.0.0.202410170706/tools/bin/../lib/gcc/arm-none-eabi/13.3.1/../../../../arm-none-eabi/lib/thumb/v7e-m+fp/hard/libc_nano.a
END GROUP
START GROUP
LOAD /opt/st/stm32cubeide_1.19.0/plugins/com.st.stm32cube.ide.mcu.externaltools.gnu-tools-for-stm32.13.3.rel1.linux64_1.0.0.202410170706/tools/bin/../lib/gcc/arm-none-eabi/13.3.1/thumb/v7e-m+fp/hard/libgcc.a
LOAD /opt/st/stm32cubeide_1.19.0/plugins/com.st.stm32cube.ide.mcu.externaltools.gnu-tools-for-stm32.13.3.rel1.linux64_1.0.0.202410170706/tools/bin/../lib/gcc/arm-none-eabi/13.3.1/../../../../arm-none-eabi/lib/thumb/v7e-m+fp/hard/libc_nano.a
LOAD /opt/st/stm32cubeide_1.19.0/plugins/com.st.stm32cube.ide.mcu.externaltools.gnu-tools-for-stm32.13.3.rel1.linux64_1.0.0.202410170706/tools/bin/../lib/gcc/arm-none-eabi/13.3.1/../../../../arm-none-eabi/lib/thumb/v7e-m+fp/hard/libnosys.a
END GROUP
START GROUP
LOAD /opt/st/stm32cubeide_1.19.0/plugins/com.st.stm32cube.ide.mcu.externaltools.gnu-tools-for-stm32.13.3.rel1.linux64_1.0.0.202410170706/tools/bin/../lib/gcc/arm-none-eabi/13.3.1/thumb/v7e-m+fp/hard/libgcc.a
LOAD /opt/st/stm32cubeide_1.19.0/plugins/com.st.stm32cube.ide.mcu.externaltools.gnu-tools-for-stm32.13.3.rel1.linux64_1.0.0.202410170706/tools/bin/../lib/gcc/arm-none-eabi/13.3.1/../../../../arm-none-eabi/lib/thumb/v7e-m+fp/hard/libc_nano.a
LOAD /opt/st/stm32cubeide_1.19.0/plugins/com.st.stm32cube.ide.mcu.externaltools.gnu-tools-for-stm32.13.3.rel1.linux64_1.0.0.202410170706/tools/bin/../lib/gcc/arm-none-eabi/13.3.1/../../../../arm-none-eabi/lib/thumb/v7e-m+fp/hard/libnosys.a
END GROUP
LOAD /opt/st/stm32cubeide_1.19.0/plugins/com.st.stm32cube.ide.mcu.externaltools.gnu-tools-for-stm32.13.3.rel1.linux64_1.0.0.202410170706/tools/bin/../lib/gcc/arm-none-eabi/13.3.1/thumb/v7e-m+fp/hard/crtend.o
LOAD /opt/st/stm32cubeide_1.19.0/plugins/com.st.stm32cube.ide.mcu.externaltools.gnu-tools-for-stm32.13.3.rel1.linux64_1.0.0.202410170706/tools/bin/../lib/gcc/arm-none-eabi/13.3.1/thumb/v7e-m+fp/hard/crtn.o
                0x2000c000                        _estack = (ORIGIN (RAM) + LENGTH (RAM))
                0x00000200                        _Min_Heap_Size = 0x200
                0x00000400                        _Min_Stack_Size = 0x400

.isr_vector     0x08000000      0x18c
                0x08000000                        . = ALIGN (0x4)
 *(.isr_vector)
 .isr_vector    0x08000000      0x18c ./Core/Startup/startup_stm32l432kcux.o
                0x08000000                g_pfnVectors
                0x0800018c                        . = ALIGN (0x4)

.text           0x08000190     0x9c70
                0x08000190                        . = ALIGN (0x4)
 *(.text)
 .text          0x08000190       0x40 /opt/st/stm32cubeide_1.19.0/plugins/com.st.stm32cube.ide.mcu.externaltools.gnu-tools-for-stm32.13.3.rel1.linux64_1.0.0.202410170706/tools/bin/../lib/gcc/arm-none-eabi/13.3.1/thumb/v7e-m+fp/hard/crtbegin.o
 .text          0x080001d0       0xa0 /opt/st/stm32cubeide_1.19.0/plugins/com.st.stm32cube.ide.mcu.externaltools.gnu-tools-for-stm32.13.3.rel1.linux64_1.0.0.202410170706/tools/bin/../lib/gcc/arm-none-eabi/13.3.1/../../../../arm-none-eabi/lib/thumb/v7e-m+fp/hard/libc_nano.a(libc_a-memchr.o)
                0x080001d0                memchr
 .text          0x08000270       0xa0 /opt/st/stm32cubeide_1.19.0/plugins/com.st.stm32cube.ide.mcu.externaltools.gnu-tools-for-stm32.13.3.rel1.linux64_1.0.0.202410170706/tools/bin/../lib/gcc/arm-none-eabi/13.3.1/thumb/v7e-m+fp/hard/libgcc.a(_aeabi_ldivmod.o)
                0x08000270                __aeabi_ldivmod
 .text          0x08000310       0x30 /opt/st/stm32cubeide_1.19.0/plugins/com.st.stm32cube.ide.mcu.externaltools.gnu-tools-for-stm32.13.3.rel1.linux64_1.0.0.202410170706/tools/bin/../lib/gcc/arm-none-eabi/13.3.1/thumb/v7e-m+fp/hard/libgcc.a(_aeabi_uldivmod.o)
                0x08000310                __aeabi_uldivmod
 .text          0x08000340      0x2f8 /opt/st/stm32cubeide_1.19.0/plugins/com.st.stm32cube.ide.mcu.externaltools.gnu-tools-for-stm32.13.3.rel1.linux64_1.0.0.202410170706/tools/bin/../lib/gcc/arm-none-eabi/13.3.1/thumb/v7e-m+fp/hard/libgcc.a(_udivmoddi4.o)
                0x08000340                __udivmoddi4
 .text          0x08000638        0x4 /opt/st/stm32cubeide_1.19.0/plugins/com.st.stm32cube.ide.mcu.externaltools.gnu-tools-for-stm32.13.3.rel1.linux64_1.0.0.202410170706/tools/bin/../lib/gcc/arm-none-eabi/13.3.1/thumb/v7e-m+fp/hard/libgcc.a(_dvmd_tls.o)
                0x08000638                __aeabi_ldiv0
                0x08000638                __aeabi_idiv0
 *(.text*)
 .text.bmp280_init_default_params
                0x0800063c       0x38 ./Core/Src/bmp280.o
                0x0800063c                bmp280_init_default_params
 .text.read_register16
                0x08000674       0x60 ./Core/Src/bmp280.o
 .text.read_data
                0x080006d4       0x50 ./Core/Src/bmp280.o
 .text.read_calibration_data
                0x08000724      0x104 ./Core/Src/bmp280.o
 .text.read_hum_calibration_data
                0x08000828       0xc2 ./Core/Src/bmp280.o
 .text.write_register8
                0x080008ea       0x4a ./Core/Src/bmp280.o
 .text.bmp280_init
                0x08000934      0x162 ./Core/Src/bmp280.o
                0x08000934                bmp280_init
 .text.bmp280_force_measurement
                0x08000a96       0x54 ./Core/Src/bmp280.o
                0x08000a96                bmp280_force_measurement
 .text.bmp280_is_measuring
                0x08000aea       0x38 ./Core/Src/bmp280.o
                0x08000aea                bmp280_is_measuring
 .text.compensate_temperature
                0x08000b22       0x72 ./Core/Src/bmp280.o
 .text.compensate_pressure
                0x08000b94      0x57c ./Core/Src/bmp280.o
 .text.compensate_humidity
                0x08001110       0xbe ./Core/Src/bmp280.o
 .text.bmp280_read_fixed
                0x080011ce       0xca ./Core/Src/bmp280.o
                0x080011ce                bmp280_read_fixed
 .text.calculate_crc16
                0x08001298       0x80 ./Core/Src/cobs_crc16.o
                0x08001298                calculate_crc16
 .text.create_uart_tx_packet
                0x08001318       0x44 ./Core/Src/cobs_crc16.o
                0x08001318                create_uart_tx_packet
 .text.cobs_encode
                0x0800135c       0xf0 ./Core/Src/cobs_crc16.o
                0x0800135c                cobs_encode
 .text.cobs_decode
                0x0800144c       0xcc ./Core/Src/cobs_crc16.o
 .text.encode_uart_tx_packet
                0x08001518       0x5a ./Core/Src/cobs_crc16.o
                0x08001518                encode_uart_tx_packet
 .text.verify_cobs_encoding
                0x08001572       0x9c ./Core/Src/cobs_crc16.o
                0x08001572                verify_cobs_encoding
 .text.decode_uart_rx_command
                0x0800160e       0x88 ./Core/Src/cobs_crc16.o
                0x0800160e                decode_uart_rx_command
 *fill*         0x08001696        0x2 
 .text.vApplicationGetIdleTaskMemory
                0x08001698       0x34 ./Core/Src/freertos.o
                0x08001698                vApplicationGetIdleTaskMemory
 .text.i2c_mux_reset
                0x080016cc       0x5a ./Core/Src/i2c-mux.o
                0x080016cc                i2c_mux_reset
 .text.i2c_mux_select_multi
                0x08001726       0x80 ./Core/Src/i2c-mux.o
                0x08001726                i2c_mux_select_multi
 .text.i2c_mux_select
                0x080017a6       0x28 ./Core/Src/i2c-mux.o
                0x080017a6                i2c_mux_select
 .text.MAX6650_Init
                0x080017ce       0xea ./Core/Src/integration_max6650.o
                0x080017ce                MAX6650_Init
 .text.MAX6650_ReadData
                0x080018b8       0x92 ./Core/Src/integration_max6650.o
                0x080018b8                MAX6650_ReadData
 .text.MAX6650_ControlFan
                0x0800194a       0xc0 ./Core/Src/integration_max6650.o
                0x0800194a                MAX6650_ControlFan
 *fill*         0x08001a0a        0x2 
 .text.get_i2c_address
                0x08001a0c       0x48 ./Core/Src/integration_max6650.o
 .text.max6650_write_register
                0x08001a54       0x4c ./Core/Src/integration_max6650.o
 .text.max6650_read_register
                0x08001aa0       0x4a ./Core/Src/integration_max6650.o
 .text.calculate_rpm_from_tacho
                0x08001aea       0x3c ./Core/Src/integration_max6650.o
 .text.bmp280_multi_init
                0x08001b26      0x152 ./Core/Src/integration_mux_bmp280.o
                0x08001b26                bmp280_multi_init
 .text.bmp280_multi_read_sensor
                0x08001c78       0xb8 ./Core/Src/integration_mux_bmp280.o
                0x08001c78                bmp280_multi_read_sensor
 .text.bmp280_multi_force_measurement
                0x08001d30       0x9e ./Core/Src/integration_mux_bmp280.o
                0x08001d30                bmp280_multi_force_measurement
 .text.bmp280_multi_is_measuring
                0x08001dce       0x80 ./Core/Src/integration_mux_bmp280.o
                0x08001dce                bmp280_multi_is_measuring
 *fill*         0x08001e4e        0x2 
 .text.bmp280_multi_read_differences
                0x08001e50      0x200 ./Core/Src/integration_mux_bmp280.o
                0x08001e50                bmp280_multi_read_differences
 .text.main     0x08002050      0x138 ./Core/Src/main.o
                0x08002050                main
 .text.SystemClock_Config
                0x08002188       0x8c ./Core/Src/main.o
                0x08002188                SystemClock_Config
 .text.MX_CAN1_Init
                0x08002214       0x6c ./Core/Src/main.o
 .text.MX_I2C1_Init
                0x08002280       0x80 ./Core/Src/main.o
 .text.MX_I2C3_Init
                0x08002300       0x80 ./Core/Src/main.o
 .text.MX_USART1_UART_Init
                0x08002380       0x60 ./Core/Src/main.o
 .text.MX_USART2_UART_Init
                0x080023e0       0x60 ./Core/Src/main.o
 .text.MX_DMA_Init
                0x08002440       0x4c ./Core/Src/main.o
 .text.MX_GPIO_Init
                0x0800248c       0x6c ./Core/Src/main.o
 .text.Error_Handler
                0x080024f8        0xc ./Core/Src/main.o
                0x080024f8                Error_Handler
 .text.HAL_MspInit
                0x08002504       0x50 ./Core/Src/stm32l4xx_hal_msp.o
                0x08002504                HAL_MspInit
 .text.HAL_CAN_MspInit
                0x08002554       0x88 ./Core/Src/stm32l4xx_hal_msp.o
                0x08002554                HAL_CAN_MspInit
 .text.HAL_I2C_MspInit
                0x080025dc      0x174 ./Core/Src/stm32l4xx_hal_msp.o
                0x080025dc                HAL_I2C_MspInit
 .text.HAL_UART_MspInit
                0x08002750      0x204 ./Core/Src/stm32l4xx_hal_msp.o
                0x08002750                HAL_UART_MspInit
 .text.NMI_Handler
                0x08002954        0x8 ./Core/Src/stm32l4xx_it.o
                0x08002954                NMI_Handler
 .text.HardFault_Handler
                0x0800295c        0x8 ./Core/Src/stm32l4xx_it.o
                0x0800295c                HardFault_Handler
 .text.MemManage_Handler
                0x08002964        0x8 ./Core/Src/stm32l4xx_it.o
                0x08002964                MemManage_Handler
 .text.BusFault_Handler
                0x0800296c        0x8 ./Core/Src/stm32l4xx_it.o
                0x0800296c                BusFault_Handler
 .text.UsageFault_Handler
                0x08002974        0x8 ./Core/Src/stm32l4xx_it.o
                0x08002974                UsageFault_Handler
 .text.DebugMon_Handler
                0x0800297c        0xe ./Core/Src/stm32l4xx_it.o
                0x0800297c                DebugMon_Handler
 .text.SysTick_Handler
                0x0800298a       0x1a ./Core/Src/stm32l4xx_it.o
                0x0800298a                SysTick_Handler
 .text.DMA1_Channel5_IRQHandler
                0x080029a4       0x14 ./Core/Src/stm32l4xx_it.o
                0x080029a4                DMA1_Channel5_IRQHandler
 .text.DMA1_Channel6_IRQHandler
                0x080029b8       0x14 ./Core/Src/stm32l4xx_it.o
                0x080029b8                DMA1_Channel6_IRQHandler
 .text.USART1_IRQHandler
                0x080029cc       0x14 ./Core/Src/stm32l4xx_it.o
                0x080029cc                USART1_IRQHandler
 .text.USART2_IRQHandler
                0x080029e0       0x14 ./Core/Src/stm32l4xx_it.o
                0x080029e0                USART2_IRQHandler
 .text._sbrk    0x080029f4       0x6c ./Core/Src/sysmem.o
                0x080029f4                _sbrk
 .text.SystemInit
                0x08002a60       0x24 ./Core/Src/system_stm32l4xx.o
                0x08002a60                SystemInit
 .text.split_uint16
                0x08002a84       0x2e ./Core/Src/thread_proto.o
                0x08002a84                split_uint16
 .text.split_int16
                0x08002ab2       0x30 ./Core/Src/thread_proto.o
                0x08002ab2                split_int16
 *fill*         0x08002ae2        0x2 
 .text.can_logger_cycle
                0x08002ae4      0x1a8 ./Core/Src/thread_proto.o
                0x08002ae4                can_logger_cycle
 .text.mux_pres_cycle
                0x08002c8c      0x320 ./Core/Src/thread_proto.o
                0x08002c8c                mux_pres_cycle
 .text.uart_logger_cycle
                0x08002fac      0x1f8 ./Core/Src/thread_proto.o
                0x08002fac                uart_logger_cycle
 .text.HAL_UARTEx_RxEventCallback
                0x080031a4       0x68 ./Core/Src/thread_proto.o
                0x080031a4                HAL_UARTEx_RxEventCallback
 .text.handle_uart_cmd
                0x0800320c      0x138 ./Core/Src/thread_proto.o
                0x0800320c                handle_uart_cmd
 .text.uart_notifications_cycle
                0x08003344      0x174 ./Core/Src/thread_proto.o
                0x08003344                uart_notifications_cycle
 .text.perform_setup_threads
                0x080034b8       0x60 ./Core/Src/thread_proto.o
                0x080034b8                perform_setup_threads
 .text.Reset_Handler
                0x08003518       0x50 ./Core/Startup/startup_stm32l432kcux.o
                0x08003518                Reset_Handler
 .text.Default_Handler
                0x08003568        0x2 ./Core/Startup/startup_stm32l432kcux.o
                0x08003568                RTC_Alarm_IRQHandler
                0x08003568                EXTI2_IRQHandler
                0x08003568                TIM1_CC_IRQHandler
                0x08003568                TSC_IRQHandler
                0x08003568                TAMP_STAMP_IRQHandler
                0x08003568                EXTI3_IRQHandler
                0x08003568                LPTIM2_IRQHandler
                0x08003568                I2C3_ER_IRQHandler
                0x08003568                EXTI0_IRQHandler
                0x08003568                CAN1_RX0_IRQHandler
                0x08003568                FPU_IRQHandler
                0x08003568                TIM1_UP_TIM16_IRQHandler
                0x08003568                SPI1_IRQHandler
                0x08003568                TIM6_DAC_IRQHandler
                0x08003568                DMA2_Channel2_IRQHandler
                0x08003568                DMA1_Channel4_IRQHandler
                0x08003568                ADC1_IRQHandler
                0x08003568                DMA1_Channel7_IRQHandler
                0x08003568                CAN1_RX1_IRQHandler
                0x08003568                DMA2_Channel1_IRQHandler
                0x08003568                QUADSPI_IRQHandler
                0x08003568                I2C1_EV_IRQHandler
                0x08003568                DMA2_Channel4_IRQHandler
                0x08003568                RCC_IRQHandler
                0x08003568                TIM1_TRG_COM_IRQHandler
                0x08003568                DMA1_Channel1_IRQHandler
                0x08003568                Default_Handler
                0x08003568                DMA2_Channel7_IRQHandler
                0x08003568                EXTI15_10_IRQHandler
                0x08003568                TIM7_IRQHandler
                0x08003568                I2C3_EV_IRQHandler
                0x08003568                USB_IRQHandler
                0x08003568                EXTI9_5_IRQHandler
                0x08003568                RTC_WKUP_IRQHandler
                0x08003568                PVD_PVM_IRQHandler
                0x08003568                CAN1_TX_IRQHandler
                0x08003568                DMA2_Channel5_IRQHandler
                0x08003568                CRS_IRQHandler
                0x08003568                EXTI4_IRQHandler
                0x08003568                RNG_IRQHandler
                0x08003568                DMA1_Channel3_IRQHandler
                0x08003568                COMP_IRQHandler
                0x08003568                WWDG_IRQHandler
                0x08003568                LPUART1_IRQHandler
                0x08003568                DMA2_Channel6_IRQHandler
                0x08003568                TIM2_IRQHandler
                0x08003568                EXTI1_IRQHandler
                0x08003568                DMA1_Channel2_IRQHandler
                0x08003568                CAN1_SCE_IRQHandler
                0x08003568                FLASH_IRQHandler
                0x08003568                SPI3_IRQHandler
                0x08003568                I2C1_ER_IRQHandler
                0x08003568                SWPMI1_IRQHandler
                0x08003568                LPTIM1_IRQHandler
                0x08003568                SAI1_IRQHandler
                0x08003568                DMA2_Channel3_IRQHandler
                0x08003568                TIM1_BRK_TIM15_IRQHandler
 .text.HAL_Init
                0x0800356a       0x30 ./Drivers/STM32L4xx_HAL_Driver/Src/stm32l4xx_hal.o
                0x0800356a                HAL_Init
 *fill*         0x0800359a        0x2 
 .text.HAL_InitTick
                0x0800359c       0x78 ./Drivers/STM32L4xx_HAL_Driver/Src/stm32l4xx_hal.o
                0x0800359c                HAL_InitTick
 .text.HAL_IncTick
                0x08003614       0x28 ./Drivers/STM32L4xx_HAL_Driver/Src/stm32l4xx_hal.o
                0x08003614                HAL_IncTick
 .text.HAL_GetTick
                0x0800363c       0x18 ./Drivers/STM32L4xx_HAL_Driver/Src/stm32l4xx_hal.o
                0x0800363c                HAL_GetTick
 .text.HAL_Delay
                0x08003654       0x48 ./Drivers/STM32L4xx_HAL_Driver/Src/stm32l4xx_hal.o
                0x08003654                HAL_Delay
 .text.HAL_CAN_Init
                0x0800369c      0x1f6 ./Drivers/STM32L4xx_HAL_Driver/Src/stm32l4xx_hal_can.o
                0x0800369c                HAL_CAN_Init
 .text.HAL_CAN_AddTxMessage
                0x08003892      0x1a0 ./Drivers/STM32L4xx_HAL_Driver/Src/stm32l4xx_hal_can.o
                0x08003892                HAL_CAN_AddTxMessage
 *fill*         0x08003a32        0x2 
 .text.__NVIC_SetPriorityGrouping
                0x08003a34       0x48 ./Drivers/STM32L4xx_HAL_Driver/Src/stm32l4xx_hal_cortex.o
 .text.__NVIC_GetPriorityGrouping
                0x08003a7c       0x1c ./Drivers/STM32L4xx_HAL_Driver/Src/stm32l4xx_hal_cortex.o
 .text.__NVIC_EnableIRQ
                0x08003a98       0x3c ./Drivers/STM32L4xx_HAL_Driver/Src/stm32l4xx_hal_cortex.o
 .text.__NVIC_SetPriority
                0x08003ad4       0x54 ./Drivers/STM32L4xx_HAL_Driver/Src/stm32l4xx_hal_cortex.o
 .text.NVIC_EncodePriority
                0x08003b28       0x66 ./Drivers/STM32L4xx_HAL_Driver/Src/stm32l4xx_hal_cortex.o
 *fill*         0x08003b8e        0x2 
 .text.SysTick_Config
                0x08003b90       0x44 ./Drivers/STM32L4xx_HAL_Driver/Src/stm32l4xx_hal_cortex.o
 .text.HAL_NVIC_SetPriorityGrouping
                0x08003bd4       0x16 ./Drivers/STM32L4xx_HAL_Driver/Src/stm32l4xx_hal_cortex.o
                0x08003bd4                HAL_NVIC_SetPriorityGrouping
 .text.HAL_NVIC_SetPriority
                0x08003bea       0x38 ./Drivers/STM32L4xx_HAL_Driver/Src/stm32l4xx_hal_cortex.o
                0x08003bea                HAL_NVIC_SetPriority
 .text.HAL_NVIC_EnableIRQ
                0x08003c22       0x1c ./Drivers/STM32L4xx_HAL_Driver/Src/stm32l4xx_hal_cortex.o
                0x08003c22                HAL_NVIC_EnableIRQ
 .text.HAL_SYSTICK_Config
                0x08003c3e       0x18 ./Drivers/STM32L4xx_HAL_Driver/Src/stm32l4xx_hal_cortex.o
                0x08003c3e                HAL_SYSTICK_Config
 *fill*         0x08003c56        0x2 
 .text.HAL_DMA_Init
                0x08003c58      0x170 ./Drivers/STM32L4xx_HAL_Driver/Src/stm32l4xx_hal_dma.o
                0x08003c58                HAL_DMA_Init
 .text.HAL_DMA_Start_IT
                0x08003dc8       0xc0 ./Drivers/STM32L4xx_HAL_Driver/Src/stm32l4xx_hal_dma.o
                0x08003dc8                HAL_DMA_Start_IT
 .text.HAL_DMA_Abort
                0x08003e88       0x7c ./Drivers/STM32L4xx_HAL_Driver/Src/stm32l4xx_hal_dma.o
                0x08003e88                HAL_DMA_Abort
 .text.HAL_DMA_Abort_IT
                0x08003f04       0x82 ./Drivers/STM32L4xx_HAL_Driver/Src/stm32l4xx_hal_dma.o
                0x08003f04                HAL_DMA_Abort_IT
 .text.HAL_DMA_IRQHandler
                0x08003f86      0x15e ./Drivers/STM32L4xx_HAL_Driver/Src/stm32l4xx_hal_dma.o
                0x08003f86                HAL_DMA_IRQHandler
 .text.DMA_SetConfig
                0x080040e4       0x60 ./Drivers/STM32L4xx_HAL_Driver/Src/stm32l4xx_hal_dma.o
 .text.HAL_GPIO_Init
                0x08004144      0x2d4 ./Drivers/STM32L4xx_HAL_Driver/Src/stm32l4xx_hal_gpio.o
                0x08004144                HAL_GPIO_Init
 .text.HAL_GPIO_ReadPin
                0x08004418       0x30 ./Drivers/STM32L4xx_HAL_Driver/Src/stm32l4xx_hal_gpio.o
                0x08004418                HAL_GPIO_ReadPin
 .text.HAL_GPIO_WritePin
                0x08004448       0x30 ./Drivers/STM32L4xx_HAL_Driver/Src/stm32l4xx_hal_gpio.o
                0x08004448                HAL_GPIO_WritePin
 .text.HAL_I2C_Init
                0x08004478      0x136 ./Drivers/STM32L4xx_HAL_Driver/Src/stm32l4xx_hal_i2c.o
                0x08004478                HAL_I2C_Init
 *fill*         0x080045ae        0x2 
 .text.HAL_I2C_Master_Transmit
                0x080045b0      0x230 ./Drivers/STM32L4xx_HAL_Driver/Src/stm32l4xx_hal_i2c.o
                0x080045b0                HAL_I2C_Master_Transmit
 .text.HAL_I2C_Master_Receive
                0x080047e0      0x1ec ./Drivers/STM32L4xx_HAL_Driver/Src/stm32l4xx_hal_i2c.o
                0x080047e0                HAL_I2C_Master_Receive
 .text.HAL_I2C_Mem_Write
                0x080049cc      0x228 ./Drivers/STM32L4xx_HAL_Driver/Src/stm32l4xx_hal_i2c.o
                0x080049cc                HAL_I2C_Mem_Write
 .text.HAL_I2C_Mem_Read
                0x08004bf4      0x234 ./Drivers/STM32L4xx_HAL_Driver/Src/stm32l4xx_hal_i2c.o
                0x08004bf4                HAL_I2C_Mem_Read
 .text.I2C_RequestMemoryWrite
                0x08004e28       0xa8 ./Drivers/STM32L4xx_HAL_Driver/Src/stm32l4xx_hal_i2c.o
 .text.I2C_RequestMemoryRead
                0x08004ed0       0xa8 ./Drivers/STM32L4xx_HAL_Driver/Src/stm32l4xx_hal_i2c.o
 .text.I2C_Flush_TXDR
                0x08004f78       0x48 ./Drivers/STM32L4xx_HAL_Driver/Src/stm32l4xx_hal_i2c.o
 .text.I2C_WaitOnFlagUntilTimeout
                0x08004fc0       0xb2 ./Drivers/STM32L4xx_HAL_Driver/Src/stm32l4xx_hal_i2c.o
 .text.I2C_WaitOnTXISFlagUntilTimeout
                0x08005072       0x8e ./Drivers/STM32L4xx_HAL_Driver/Src/stm32l4xx_hal_i2c.o
 .text.I2C_WaitOnSTOPFlagUntilTimeout
                0x08005100       0x86 ./Drivers/STM32L4xx_HAL_Driver/Src/stm32l4xx_hal_i2c.o
 *fill*         0x08005186        0x2 
 .text.I2C_WaitOnRXNEFlagUntilTimeout
                0x08005188      0x118 ./Drivers/STM32L4xx_HAL_Driver/Src/stm32l4xx_hal_i2c.o
 .text.I2C_IsErrorOccurred
                0x080052a0      0x1c0 ./Drivers/STM32L4xx_HAL_Driver/Src/stm32l4xx_hal_i2c.o
 .text.I2C_TransferConfig
                0x08005460       0x64 ./Drivers/STM32L4xx_HAL_Driver/Src/stm32l4xx_hal_i2c.o
 .text.HAL_I2CEx_ConfigAnalogFilter
                0x080054c4       0x96 ./Drivers/STM32L4xx_HAL_Driver/Src/stm32l4xx_hal_i2c_ex.o
                0x080054c4                HAL_I2CEx_ConfigAnalogFilter
 .text.HAL_I2CEx_ConfigDigitalFilter
                0x0800555a       0x98 ./Drivers/STM32L4xx_HAL_Driver/Src/stm32l4xx_hal_i2c_ex.o
                0x0800555a                HAL_I2CEx_ConfigDigitalFilter
 *fill*         0x080055f2        0x2 
 .text.HAL_PWREx_GetVoltageRange
                0x080055f4       0x1c ./Drivers/STM32L4xx_HAL_Driver/Src/stm32l4xx_hal_pwr_ex.o
                0x080055f4                HAL_PWREx_GetVoltageRange
 .text.HAL_PWREx_ControlVoltageScaling
                0x08005610       0xac ./Drivers/STM32L4xx_HAL_Driver/Src/stm32l4xx_hal_pwr_ex.o
                0x08005610                HAL_PWREx_ControlVoltageScaling
 .text.HAL_RCC_OscConfig
                0x080056bc      0x828 ./Drivers/STM32L4xx_HAL_Driver/Src/stm32l4xx_hal_rcc.o
                0x080056bc                HAL_RCC_OscConfig
 .text.HAL_RCC_ClockConfig
                0x08005ee4      0x200 ./Drivers/STM32L4xx_HAL_Driver/Src/stm32l4xx_hal_rcc.o
                0x08005ee4                HAL_RCC_ClockConfig
 .text.HAL_RCC_GetSysClockFreq
                0x080060e4      0x118 ./Drivers/STM32L4xx_HAL_Driver/Src/stm32l4xx_hal_rcc.o
                0x080060e4                HAL_RCC_GetSysClockFreq
 .text.HAL_RCC_GetHCLKFreq
                0x080061fc       0x18 ./Drivers/STM32L4xx_HAL_Driver/Src/stm32l4xx_hal_rcc.o
                0x080061fc                HAL_RCC_GetHCLKFreq
 .text.HAL_RCC_GetPCLK1Freq
                0x08006214       0x2c ./Drivers/STM32L4xx_HAL_Driver/Src/stm32l4xx_hal_rcc.o
                0x08006214                HAL_RCC_GetPCLK1Freq
 .text.HAL_RCC_GetPCLK2Freq
                0x08006240       0x2c ./Drivers/STM32L4xx_HAL_Driver/Src/stm32l4xx_hal_rcc.o
                0x08006240                HAL_RCC_GetPCLK2Freq
 .text.RCC_SetFlashLatencyFromMSIRange
                0x0800626c       0xc0 ./Drivers/STM32L4xx_HAL_Driver/Src/stm32l4xx_hal_rcc.o
 .text.HAL_RCCEx_PeriphCLKConfig
                0x0800632c      0x3ec ./Drivers/STM32L4xx_HAL_Driver/Src/stm32l4xx_hal_rcc_ex.o
                0x0800632c                HAL_RCCEx_PeriphCLKConfig
 .text.RCCEx_PLLSAI1_Config
                0x08006718      0x1e4 ./Drivers/STM32L4xx_HAL_Driver/Src/stm32l4xx_hal_rcc_ex.o
 .text.HAL_UART_Init
                0x080068fc       0x9c ./Drivers/STM32L4xx_HAL_Driver/Src/stm32l4xx_hal_uart.o
                0x080068fc                HAL_UART_Init
 .text.HAL_UART_Transmit
                0x08006998      0x112 ./Drivers/STM32L4xx_HAL_Driver/Src/stm32l4xx_hal_uart.o
                0x08006998                HAL_UART_Transmit
 *fill*         0x08006aaa        0x2 
 .text.HAL_UART_IRQHandler
                0x08006aac      0x60c ./Drivers/STM32L4xx_HAL_Driver/Src/stm32l4xx_hal_uart.o
                0x08006aac                HAL_UART_IRQHandler
 .text.HAL_UART_TxCpltCallback
                0x080070b8       0x14 ./Drivers/STM32L4xx_HAL_Driver/Src/stm32l4xx_hal_uart.o
                0x080070b8                HAL_UART_TxCpltCallback
 .text.HAL_UART_RxCpltCallback
                0x080070cc       0x14 ./Drivers/STM32L4xx_HAL_Driver/Src/stm32l4xx_hal_uart.o
                0x080070cc                HAL_UART_RxCpltCallback
 .text.HAL_UART_RxHalfCpltCallback
                0x080070e0       0x14 ./Drivers/STM32L4xx_HAL_Driver/Src/stm32l4xx_hal_uart.o
                0x080070e0                HAL_UART_RxHalfCpltCallback
 .text.HAL_UART_ErrorCallback
                0x080070f4       0x14 ./Drivers/STM32L4xx_HAL_Driver/Src/stm32l4xx_hal_uart.o
                0x080070f4                HAL_UART_ErrorCallback
 .text.UART_SetConfig
                0x08007108      0x458 ./Drivers/STM32L4xx_HAL_Driver/Src/stm32l4xx_hal_uart.o
                0x08007108                UART_SetConfig
 .text.UART_AdvFeatureConfig
                0x08007560      0x144 ./Drivers/STM32L4xx_HAL_Driver/Src/stm32l4xx_hal_uart.o
                0x08007560                UART_AdvFeatureConfig
 .text.UART_CheckIdleState
                0x080076a4      0x150 ./Drivers/STM32L4xx_HAL_Driver/Src/stm32l4xx_hal_uart.o
                0x080076a4                UART_CheckIdleState
 .text.UART_WaitOnFlagUntilTimeout
                0x080077f4       0xda ./Drivers/STM32L4xx_HAL_Driver/Src/stm32l4xx_hal_uart.o
                0x080077f4                UART_WaitOnFlagUntilTimeout
 *fill*         0x080078ce        0x2 
 .text.UART_Start_Receive_DMA
                0x080078d0      0x140 ./Drivers/STM32L4xx_HAL_Driver/Src/stm32l4xx_hal_uart.o
                0x080078d0                UART_Start_Receive_DMA
 .text.UART_EndTxTransfer
                0x08007a10       0x4c ./Drivers/STM32L4xx_HAL_Driver/Src/stm32l4xx_hal_uart.o
 .text.UART_EndRxTransfer
                0x08007a5c       0xc8 ./Drivers/STM32L4xx_HAL_Driver/Src/stm32l4xx_hal_uart.o
 .text.UART_DMAReceiveCplt
                0x08007b24      0x12c ./Drivers/STM32L4xx_HAL_Driver/Src/stm32l4xx_hal_uart.o
 .text.UART_DMARxHalfCplt
                0x08007c50       0x3e ./Drivers/STM32L4xx_HAL_Driver/Src/stm32l4xx_hal_uart.o
 .text.UART_DMAError
                0x08007c8e       0x7e ./Drivers/STM32L4xx_HAL_Driver/Src/stm32l4xx_hal_uart.o
 .text.UART_DMAAbortOnError
                0x08007d0c       0x2c ./Drivers/STM32L4xx_HAL_Driver/Src/stm32l4xx_hal_uart.o
 .text.UART_EndTransmit_IT
                0x08007d38       0x54 ./Drivers/STM32L4xx_HAL_Driver/Src/stm32l4xx_hal_uart.o
 .text.HAL_UARTEx_WakeupCallback
                0x08007d8c       0x14 ./Drivers/STM32L4xx_HAL_Driver/Src/stm32l4xx_hal_uart_ex.o
                0x08007d8c                HAL_UARTEx_WakeupCallback
 .text.HAL_UARTEx_ReceiveToIdle_DMA
                0x08007da0       0xa8 ./Drivers/STM32L4xx_HAL_Driver/Src/stm32l4xx_hal_uart_ex.o
                0x08007da0                HAL_UARTEx_ReceiveToIdle_DMA
 .text.makeFreeRtosPriority
                0x08007e48       0x30 ./Middlewares/Third_Party/FreeRTOS/Source/CMSIS_RTOS/cmsis_os.o
 .text.osKernelStart
                0x08007e78        0xe ./Middlewares/Third_Party/FreeRTOS/Source/CMSIS_RTOS/cmsis_os.o
                0x08007e78                osKernelStart
 .text.osThreadCreate
                0x08007e86       0x98 ./Middlewares/Third_Party/FreeRTOS/Source/CMSIS_RTOS/cmsis_os.o
                0x08007e86                osThreadCreate
 .text.osDelay  0x08007f1e       0x28 ./Middlewares/Third_Party/FreeRTOS/Source/CMSIS_RTOS/cmsis_os.o
                0x08007f1e                osDelay
 .text.vListInitialise
                0x08007f46       0x40 ./Middlewares/Third_Party/FreeRTOS/Source/list.o
                0x08007f46                vListInitialise
 .text.vListInitialiseItem
                0x08007f86       0x1a ./Middlewares/Third_Party/FreeRTOS/Source/list.o
                0x08007f86                vListInitialiseItem
 .text.vListInsertEnd
                0x08007fa0       0x48 ./Middlewares/Third_Party/FreeRTOS/Source/list.o
                0x08007fa0                vListInsertEnd
 .text.vListInsert
                0x08007fe8       0x72 ./Middlewares/Third_Party/FreeRTOS/Source/list.o
                0x08007fe8                vListInsert
 .text.uxListRemove
                0x0800805a       0x54 ./Middlewares/Third_Party/FreeRTOS/Source/list.o
                0x0800805a                uxListRemove
 .text.xTaskCreateStatic
                0x080080ae       0xc0 ./Middlewares/Third_Party/FreeRTOS/Source/tasks.o
                0x080080ae                xTaskCreateStatic
 .text.xTaskCreate
                0x0800816e       0x8a ./Middlewares/Third_Party/FreeRTOS/Source/tasks.o
                0x0800816e                xTaskCreate
 .text.prvInitialiseNewTask
                0x080081f8      0x140 ./Middlewares/Third_Party/FreeRTOS/Source/tasks.o
 .text.prvAddNewTaskToReadyList
                0x08008338       0xd4 ./Middlewares/Third_Party/FreeRTOS/Source/tasks.o
 .text.vTaskDelay
                0x0800840c       0x6c ./Middlewares/Third_Party/FreeRTOS/Source/tasks.o
                0x0800840c                vTaskDelay
 .text.vTaskStartScheduler
                0x08008478       0xd4 ./Middlewares/Third_Party/FreeRTOS/Source/tasks.o
                0x08008478                vTaskStartScheduler
 .text.vTaskSuspendAll
                0x0800854c       0x1c ./Middlewares/Third_Party/FreeRTOS/Source/tasks.o
                0x0800854c                vTaskSuspendAll
 .text.xTaskResumeAll
                0x08008568      0x13c ./Middlewares/Third_Party/FreeRTOS/Source/tasks.o
                0x08008568                xTaskResumeAll
 .text.xTaskIncrementTick
                0x080086a4      0x174 ./Middlewares/Third_Party/FreeRTOS/Source/tasks.o
                0x080086a4                xTaskIncrementTick
 .text.vTaskSwitchContext
                0x08008818       0xc8 ./Middlewares/Third_Party/FreeRTOS/Source/tasks.o
                0x08008818                vTaskSwitchContext
 .text.prvIdleTask
                0x080088e0       0x30 ./Middlewares/Third_Party/FreeRTOS/Source/tasks.o
 .text.prvInitialiseTaskLists
                0x08008910       0x80 ./Middlewares/Third_Party/FreeRTOS/Source/tasks.o
 .text.prvCheckTasksWaitingTermination
                0x08008990       0x5c ./Middlewares/Third_Party/FreeRTOS/Source/tasks.o
 .text.prvDeleteTCB
                0x080089ec       0x6a ./Middlewares/Third_Party/FreeRTOS/Source/tasks.o
 *fill*         0x08008a56        0x2 
 .text.prvResetNextTaskUnblockTime
                0x08008a58       0x40 ./Middlewares/Third_Party/FreeRTOS/Source/tasks.o
 .text.xTaskGetSchedulerState
                0x08008a98       0x3c ./Middlewares/Third_Party/FreeRTOS/Source/tasks.o
                0x08008a98                xTaskGetSchedulerState
 .text.prvAddCurrentTaskToDelayedList
                0x08008ad4       0xcc ./Middlewares/Third_Party/FreeRTOS/Source/tasks.o
 .text.pxPortInitialiseStack
                0x08008ba0       0x68 ./Middlewares/Third_Party/FreeRTOS/Source/portable/GCC/ARM_CM4F/port.o
                0x08008ba0                pxPortInitialiseStack
 .text.prvTaskExitError
                0x08008c08       0x5c ./Middlewares/Third_Party/FreeRTOS/Source/portable/GCC/ARM_CM4F/port.o
 *fill*         0x08008c64        0xc 
 .text.SVC_Handler
                0x08008c70       0x28 ./Middlewares/Third_Party/FreeRTOS/Source/portable/GCC/ARM_CM4F/port.o
                0x08008c70                SVC_Handler
 .text.prvPortStartFirstTask
                0x08008c98       0x28 ./Middlewares/Third_Party/FreeRTOS/Source/portable/GCC/ARM_CM4F/port.o
 .text.xPortStartScheduler
                0x08008cc0      0x148 ./Middlewares/Third_Party/FreeRTOS/Source/portable/GCC/ARM_CM4F/port.o
                0x08008cc0                xPortStartScheduler
 .text.vPortEnterCritical
                0x08008e08       0x64 ./Middlewares/Third_Party/FreeRTOS/Source/portable/GCC/ARM_CM4F/port.o
                0x08008e08                vPortEnterCritical
 .text.vPortExitCritical
                0x08008e6c       0x54 ./Middlewares/Third_Party/FreeRTOS/Source/portable/GCC/ARM_CM4F/port.o
                0x08008e6c                vPortExitCritical
 .text.PendSV_Handler
                0x08008ec0       0x68 ./Middlewares/Third_Party/FreeRTOS/Source/portable/GCC/ARM_CM4F/port.o
                0x08008ec0                PendSV_Handler
 .text.xPortSysTickHandler
                0x08008f28       0x44 ./Middlewares/Third_Party/FreeRTOS/Source/portable/GCC/ARM_CM4F/port.o
                0x08008f28                xPortSysTickHandler
 .text.vPortSetupTimerInterrupt
                0x08008f6c       0x48 ./Middlewares/Third_Party/FreeRTOS/Source/portable/GCC/ARM_CM4F/port.o
                0x08008f6c                vPortSetupTimerInterrupt
 .text.vPortEnableVFP
                0x08008fb4       0x14 ./Middlewares/Third_Party/FreeRTOS/Source/portable/GCC/ARM_CM4F/port.o
 .text.pvPortMalloc
                0x08008fc8      0x19c ./Middlewares/Third_Party/FreeRTOS/Source/portable/MemMang/heap_4.o
                0x08008fc8                pvPortMalloc
 .text.vPortFree
                0x08009164       0xc8 ./Middlewares/Third_Party/FreeRTOS/Source/portable/MemMang/heap_4.o
                0x08009164                vPortFree
 .text.prvHeapInit
                0x0800922c       0xc4 ./Middlewares/Third_Party/FreeRTOS/Source/portable/MemMang/heap_4.o
 .text.prvInsertBlockIntoFreeList
                0x080092f0       0xb4 ./Middlewares/Third_Party/FreeRTOS/Source/portable/MemMang/heap_4.o
 .text.snprintf
                0x080093a4       0x6c /opt/st/stm32cubeide_1.19.0/plugins/com.st.stm32cube.ide.mcu.externaltools.gnu-tools-for-stm32.13.3.rel1.linux64_1.0.0.202410170706/tools/bin/../lib/gcc/arm-none-eabi/13.3.1/../../../../arm-none-eabi/lib/thumb/v7e-m+fp/hard/libc_nano.a(libc_a-snprintf.o)
                0x080093a4                snprintf
                0x080093a4                sniprintf
 .text.memcmp   0x08009410       0x20 /opt/st/stm32cubeide_1.19.0/plugins/com.st.stm32cube.ide.mcu.externaltools.gnu-tools-for-stm32.13.3.rel1.linux64_1.0.0.202410170706/tools/bin/../lib/gcc/arm-none-eabi/13.3.1/../../../../arm-none-eabi/lib/thumb/v7e-m+fp/hard/libc_nano.a(libc_a-memcmp.o)
                0x08009410                memcmp
 .text.memset   0x08009430       0x10 /opt/st/stm32cubeide_1.19.0/plugins/com.st.stm32cube.ide.mcu.externaltools.gnu-tools-for-stm32.13.3.rel1.linux64_1.0.0.202410170706/tools/bin/../lib/gcc/arm-none-eabi/13.3.1/../../../../arm-none-eabi/lib/thumb/v7e-m+fp/hard/libc_nano.a(libc_a-memset.o)
                0x08009430                memset
 .text._reclaim_reent
                0x08009440       0xbc /opt/st/stm32cubeide_1.19.0/plugins/com.st.stm32cube.ide.mcu.externaltools.gnu-tools-for-stm32.13.3.rel1.linux64_1.0.0.202410170706/tools/bin/../lib/gcc/arm-none-eabi/13.3.1/../../../../arm-none-eabi/lib/thumb/v7e-m+fp/hard/libc_nano.a(libc_a-reent.o)
                0x08009440                _reclaim_reent
 .text.__errno  0x080094fc        0xc /opt/st/stm32cubeide_1.19.0/plugins/com.st.stm32cube.ide.mcu.externaltools.gnu-tools-for-stm32.13.3.rel1.linux64_1.0.0.202410170706/tools/bin/../lib/gcc/arm-none-eabi/13.3.1/../../../../arm-none-eabi/lib/thumb/v7e-m+fp/hard/libc_nano.a(libc_a-errno.o)
                0x080094fc                __errno
 .text.__libc_init_array
                0x08009508       0x48 /opt/st/stm32cubeide_1.19.0/plugins/com.st.stm32cube.ide.mcu.externaltools.gnu-tools-for-stm32.13.3.rel1.linux64_1.0.0.202410170706/tools/bin/../lib/gcc/arm-none-eabi/13.3.1/../../../../arm-none-eabi/lib/thumb/v7e-m+fp/hard/libc_nano.a(libc_a-init.o)
                0x08009508                __libc_init_array
 .text.__retarget_lock_acquire_recursive
                0x08009550        0x2 /opt/st/stm32cubeide_1.19.0/plugins/com.st.stm32cube.ide.mcu.externaltools.gnu-tools-for-stm32.13.3.rel1.linux64_1.0.0.202410170706/tools/bin/../lib/gcc/arm-none-eabi/13.3.1/../../../../arm-none-eabi/lib/thumb/v7e-m+fp/hard/libc_nano.a(libc_a-lock.o)
                0x08009550                __retarget_lock_acquire_recursive
 .text.__retarget_lock_release_recursive
                0x08009552        0x2 /opt/st/stm32cubeide_1.19.0/plugins/com.st.stm32cube.ide.mcu.externaltools.gnu-tools-for-stm32.13.3.rel1.linux64_1.0.0.202410170706/tools/bin/../lib/gcc/arm-none-eabi/13.3.1/../../../../arm-none-eabi/lib/thumb/v7e-m+fp/hard/libc_nano.a(libc_a-lock.o)
                0x08009552                __retarget_lock_release_recursive
 .text.memcpy   0x08009554       0x1c /opt/st/stm32cubeide_1.19.0/plugins/com.st.stm32cube.ide.mcu.externaltools.gnu-tools-for-stm32.13.3.rel1.linux64_1.0.0.202410170706/tools/bin/../lib/gcc/arm-none-eabi/13.3.1/../../../../arm-none-eabi/lib/thumb/v7e-m+fp/hard/libc_nano.a(libc_a-memcpy-stub.o)
                0x08009554                memcpy
 .text._free_r  0x08009570       0x94 /opt/st/stm32cubeide_1.19.0/plugins/com.st.stm32cube.ide.mcu.externaltools.gnu-tools-for-stm32.13.3.rel1.linux64_1.0.0.202410170706/tools/bin/../lib/gcc/arm-none-eabi/13.3.1/../../../../arm-none-eabi/lib/thumb/v7e-m+fp/hard/libc_nano.a(libc_a-freer.o)
                0x08009570                _free_r
 .text.sbrk_aligned
                0x08009604       0x44 /opt/st/stm32cubeide_1.19.0/plugins/com.st.stm32cube.ide.mcu.externaltools.gnu-tools-for-stm32.13.3.rel1.linux64_1.0.0.202410170706/tools/bin/../lib/gcc/arm-none-eabi/13.3.1/../../../../arm-none-eabi/lib/thumb/v7e-m+fp/hard/libc_nano.a(libc_a-mallocr.o)
 .text._malloc_r
                0x08009648      0x100 /opt/st/stm32cubeide_1.19.0/plugins/com.st.stm32cube.ide.mcu.externaltools.gnu-tools-for-stm32.13.3.rel1.linux64_1.0.0.202410170706/tools/bin/../lib/gcc/arm-none-eabi/13.3.1/../../../../arm-none-eabi/lib/thumb/v7e-m+fp/hard/libc_nano.a(libc_a-mallocr.o)
                0x08009648                _malloc_r
 .text.__malloc_lock
                0x08009748        0xc /opt/st/stm32cubeide_1.19.0/plugins/com.st.stm32cube.ide.mcu.externaltools.gnu-tools-for-stm32.13.3.rel1.linux64_1.0.0.202410170706/tools/bin/../lib/gcc/arm-none-eabi/13.3.1/../../../../arm-none-eabi/lib/thumb/v7e-m+fp/hard/libc_nano.a(libc_a-mlock.o)
                0x08009748                __malloc_lock
 .text.__malloc_unlock
                0x08009754        0xc /opt/st/stm32cubeide_1.19.0/plugins/com.st.stm32cube.ide.mcu.externaltools.gnu-tools-for-stm32.13.3.rel1.linux64_1.0.0.202410170706/tools/bin/../lib/gcc/arm-none-eabi/13.3.1/../../../../arm-none-eabi/lib/thumb/v7e-m+fp/hard/libc_nano.a(libc_a-mlock.o)
                0x08009754                __malloc_unlock
 .text.__ssputs_r
                0x08009760       0xb6 /opt/st/stm32cubeide_1.19.0/plugins/com.st.stm32cube.ide.mcu.externaltools.gnu-tools-for-stm32.13.3.rel1.linux64_1.0.0.202410170706/tools/bin/../lib/gcc/arm-none-eabi/13.3.1/../../../../arm-none-eabi/lib/thumb/v7e-m+fp/hard/libc_nano.a(libc_a-nano-svfprintf.o)
                0x08009760                __ssputs_r
 *fill*         0x08009816        0x2 
 .text._svfprintf_r
                0x08009818      0x1f8 /opt/st/stm32cubeide_1.19.0/plugins/com.st.stm32cube.ide.mcu.externaltools.gnu-tools-for-stm32.13.3.rel1.linux64_1.0.0.202410170706/tools/bin/../lib/gcc/arm-none-eabi/13.3.1/../../../../arm-none-eabi/lib/thumb/v7e-m+fp/hard/libc_nano.a(libc_a-nano-svfprintf.o)
                0x08009818                _svfprintf_r
                0x08009818                _svfiprintf_r
 .text._printf_common
                0x08009a10       0xda /opt/st/stm32cubeide_1.19.0/plugins/com.st.stm32cube.ide.mcu.externaltools.gnu-tools-for-stm32.13.3.rel1.linux64_1.0.0.202410170706/tools/bin/../lib/gcc/arm-none-eabi/13.3.1/../../../../arm-none-eabi/lib/thumb/v7e-m+fp/hard/libc_nano.a(libc_a-nano-vfprintf_i.o)
                0x08009a10                _printf_common
 *fill*         0x08009aea        0x2 
 .text._printf_i
                0x08009aec      0x23c /opt/st/stm32cubeide_1.19.0/plugins/com.st.stm32cube.ide.mcu.externaltools.gnu-tools-for-stm32.13.3.rel1.linux64_1.0.0.202410170706/tools/bin/../lib/gcc/arm-none-eabi/13.3.1/../../../../arm-none-eabi/lib/thumb/v7e-m+fp/hard/libc_nano.a(libc_a-nano-vfprintf_i.o)
                0x08009aec                _printf_i
 .text.memmove  0x08009d28       0x34 /opt/st/stm32cubeide_1.19.0/plugins/com.st.stm32cube.ide.mcu.externaltools.gnu-tools-for-stm32.13.3.rel1.linux64_1.0.0.202410170706/tools/bin/../lib/gcc/arm-none-eabi/13.3.1/../../../../arm-none-eabi/lib/thumb/v7e-m+fp/hard/libc_nano.a(libc_a-memmove.o)
                0x08009d28                memmove
 .text._sbrk_r  0x08009d5c       0x20 /opt/st/stm32cubeide_1.19.0/plugins/com.st.stm32cube.ide.mcu.externaltools.gnu-tools-for-stm32.13.3.rel1.linux64_1.0.0.202410170706/tools/bin/../lib/gcc/arm-none-eabi/13.3.1/../../../../arm-none-eabi/lib/thumb/v7e-m+fp/hard/libc_nano.a(libc_a-sbrkr.o)
                0x08009d5c                _sbrk_r
 .text._realloc_r
                0x08009d7c       0x5c /opt/st/stm32cubeide_1.19.0/plugins/com.st.stm32cube.ide.mcu.externaltools.gnu-tools-for-stm32.13.3.rel1.linux64_1.0.0.202410170706/tools/bin/../lib/gcc/arm-none-eabi/13.3.1/../../../../arm-none-eabi/lib/thumb/v7e-m+fp/hard/libc_nano.a(libc_a-reallocr.o)
                0x08009d7c                _realloc_r
 .text._malloc_usable_size_r
                0x08009dd8       0x10 /opt/st/stm32cubeide_1.19.0/plugins/com.st.stm32cube.ide.mcu.externaltools.gnu-tools-for-stm32.13.3.rel1.linux64_1.0.0.202410170706/tools/bin/../lib/gcc/arm-none-eabi/13.3.1/../../../../arm-none-eabi/lib/thumb/v7e-m+fp/hard/libc_nano.a(libc_a-msizer.o)
                0x08009dd8                _malloc_usable_size_r
 *(.glue_7)
 .glue_7        0x08009de8        0x0 linker stubs
 *(.glue_7t)
 .glue_7t       0x08009de8        0x0 linker stubs
 *(.eh_frame)
 .eh_frame      0x08009de8        0x0 /opt/st/stm32cubeide_1.19.0/plugins/com.st.stm32cube.ide.mcu.externaltools.gnu-tools-for-stm32.13.3.rel1.linux64_1.0.0.202410170706/tools/bin/../lib/gcc/arm-none-eabi/13.3.1/thumb/v7e-m+fp/hard/crtbegin.o
 *(.init)
 .init          0x08009de8        0x4 /opt/st/stm32cubeide_1.19.0/plugins/com.st.stm32cube.ide.mcu.externaltools.gnu-tools-for-stm32.13.3.rel1.linux64_1.0.0.202410170706/tools/bin/../lib/gcc/arm-none-eabi/13.3.1/thumb/v7e-m+fp/hard/crti.o
                0x08009de8                _init
 .init          0x08009dec        0x8 /opt/st/stm32cubeide_1.19.0/plugins/com.st.stm32cube.ide.mcu.externaltools.gnu-tools-for-stm32.13.3.rel1.linux64_1.0.0.202410170706/tools/bin/../lib/gcc/arm-none-eabi/13.3.1/thumb/v7e-m+fp/hard/crtn.o
 *(.fini)
 .fini          0x08009df4        0x4 /opt/st/stm32cubeide_1.19.0/plugins/com.st.stm32cube.ide.mcu.externaltools.gnu-tools-for-stm32.13.3.rel1.linux64_1.0.0.202410170706/tools/bin/../lib/gcc/arm-none-eabi/13.3.1/thumb/v7e-m+fp/hard/crti.o
                0x08009df4                _fini
 .fini          0x08009df8        0x8 /opt/st/stm32cubeide_1.19.0/plugins/com.st.stm32cube.ide.mcu.externaltools.gnu-tools-for-stm32.13.3.rel1.linux64_1.0.0.202410170706/tools/bin/../lib/gcc/arm-none-eabi/13.3.1/thumb/v7e-m+fp/hard/crtn.o
                0x08009e00                        . = ALIGN (0x4)
                0x08009e00                        _etext = .

.vfp11_veneer   0x08009e00        0x0
 .vfp11_veneer  0x08009e00        0x0 linker stubs

.v4_bx          0x08009e00        0x0
 .v4_bx         0x08009e00        0x0 linker stubs

.iplt           0x08009e00        0x0
 .iplt          0x08009e00        0x0 /opt/st/stm32cubeide_1.19.0/plugins/com.st.stm32cube.ide.mcu.externaltools.gnu-tools-for-stm32.13.3.rel1.linux64_1.0.0.202410170706/tools/bin/../lib/gcc/arm-none-eabi/13.3.1/thumb/v7e-m+fp/hard/crtbegin.o

.rodata         0x08009e00      0x318
                0x08009e00                        . = ALIGN (0x4)
 *(.rodata)
 .rodata        0x08009e00       0xac ./Core/Src/main.o
 .rodata        0x08009eac      0x1e8 ./Core/Src/thread_proto.o
 .rodata        0x0800a094        0x5 ./Middlewares/Third_Party/FreeRTOS/Source/tasks.o
 *(.rodata*)
 *fill*         0x0800a099        0x3 
 .rodata.AHBPrescTable
                0x0800a09c       0x10 ./Core/Src/system_stm32l4xx.o
                0x0800a09c                AHBPrescTable
 .rodata.APBPrescTable
                0x0800a0ac        0x8 ./Core/Src/system_stm32l4xx.o
                0x0800a0ac                APBPrescTable
 .rodata.MSIRangeTable
                0x0800a0b4       0x30 ./Core/Src/system_stm32l4xx.o
                0x0800a0b4                MSIRangeTable
 .rodata._svfprintf_r.str1.1
                0x0800a0e4       0x33 /opt/st/stm32cubeide_1.19.0/plugins/com.st.stm32cube.ide.mcu.externaltools.gnu-tools-for-stm32.13.3.rel1.linux64_1.0.0.202410170706/tools/bin/../lib/gcc/arm-none-eabi/13.3.1/../../../../arm-none-eabi/lib/thumb/v7e-m+fp/hard/libc_nano.a(libc_a-nano-svfprintf.o)
                                 0x11 (size before relaxing)
 .rodata._printf_i.str1.1
                0x0800a117       0x22 /opt/st/stm32cubeide_1.19.0/plugins/com.st.stm32cube.ide.mcu.externaltools.gnu-tools-for-stm32.13.3.rel1.linux64_1.0.0.202410170706/tools/bin/../lib/gcc/arm-none-eabi/13.3.1/../../../../arm-none-eabi/lib/thumb/v7e-m+fp/hard/libc_nano.a(libc_a-nano-vfprintf_i.o)
                0x0800a13c                        . = ALIGN (0x4)
 *fill*         0x0800a117        0x1 

.ARM.extab      0x0800a118        0x0
                0x0800a118                        . = ALIGN (0x4)
 *(.ARM.extab* .gnu.linkonce.armextab.*)
                0x0800a118                        . = ALIGN (0x4)

.ARM            0x0800a118        0x8
                0x0800a118                        . = ALIGN (0x4)
                0x0800a118                        __exidx_start = .
 *(.ARM.exidx*)
 .ARM.exidx     0x0800a118        0x8 /opt/st/stm32cubeide_1.19.0/plugins/com.st.stm32cube.ide.mcu.externaltools.gnu-tools-for-stm32.13.3.rel1.linux64_1.0.0.202410170706/tools/bin/../lib/gcc/arm-none-eabi/13.3.1/../../../../arm-none-eabi/lib/thumb/v7e-m+fp/hard/libc_nano.a(libc_a-memchr.o)
 .ARM.exidx     0x0800a120        0x0 /opt/st/stm32cubeide_1.19.0/plugins/com.st.stm32cube.ide.mcu.externaltools.gnu-tools-for-stm32.13.3.rel1.linux64_1.0.0.202410170706/tools/bin/../lib/gcc/arm-none-eabi/13.3.1/thumb/v7e-m+fp/hard/libgcc.a(_udivmoddi4.o)
                                  0x8 (size before relaxing)
                0x0800a120                        __exidx_end = .
                0x0800a120                        . = ALIGN (0x4)

.preinit_array  0x0800a120        0x0
                0x0800a120                        . = ALIGN (0x4)
                0x0800a120                        PROVIDE (__preinit_array_start = .)
 *(.preinit_array*)
                0x0800a120                        PROVIDE (__preinit_array_end = .)
                0x0800a120                        . = ALIGN (0x4)

.init_array     0x0800a120        0x4
                0x0800a120                        . = ALIGN (0x4)
                0x0800a120                        PROVIDE (__init_array_start = .)
 *(SORT_BY_NAME(.init_array.*))
 *(.init_array*)
 .init_array    0x0800a120        0x4 /opt/st/stm32cubeide_1.19.0/plugins/com.st.stm32cube.ide.mcu.externaltools.gnu-tools-for-stm32.13.3.rel1.linux64_1.0.0.202410170706/tools/bin/../lib/gcc/arm-none-eabi/13.3.1/thumb/v7e-m+fp/hard/crtbegin.o
                0x0800a124                        PROVIDE (__init_array_end = .)
                0x0800a124                        . = ALIGN (0x4)

.fini_array     0x0800a124        0x4
                0x0800a124                        . = ALIGN (0x4)
                [!provide]                        PROVIDE (__fini_array_start = .)
 *(SORT_BY_NAME(.fini_array.*))
 *(.fini_array*)
 .fini_array    0x0800a124        0x4 /opt/st/stm32cubeide_1.19.0/plugins/com.st.stm32cube.ide.mcu.externaltools.gnu-tools-for-stm32.13.3.rel1.linux64_1.0.0.202410170706/tools/bin/../lib/gcc/arm-none-eabi/13.3.1/thumb/v7e-m+fp/hard/crtbegin.o
                [!provide]                        PROVIDE (__fini_array_end = .)
                0x0800a128                        . = ALIGN (0x4)
                0x0800a128                        _sidata = LOADADDR (.data)

.rel.dyn        0x0800a128        0x0
 .rel.iplt      0x0800a128        0x0 /opt/st/stm32cubeide_1.19.0/plugins/com.st.stm32cube.ide.mcu.externaltools.gnu-tools-for-stm32.13.3.rel1.linux64_1.0.0.202410170706/tools/bin/../lib/gcc/arm-none-eabi/13.3.1/thumb/v7e-m+fp/hard/crtbegin.o

.data           0x20000000       0x60 load address 0x0800a128
                0x20000000                        . = ALIGN (0x4)
                0x20000000                        _sdata = .
 *(.data)
 *(.data*)
 .data.SystemCoreClock
                0x20000000        0x4 ./Core/Src/system_stm32l4xx.o
                0x20000000                SystemCoreClock
 .data.uwTickPrio
                0x20000004        0x4 ./Drivers/STM32L4xx_HAL_Driver/Src/stm32l4xx_hal.o
                0x20000004                uwTickPrio
 .data.uwTickFreq
                0x20000008        0x1 ./Drivers/STM32L4xx_HAL_Driver/Src/stm32l4xx_hal.o
                0x20000008                uwTickFreq
 *fill*         0x20000009        0x3 
 .data.uxCriticalNesting
                0x2000000c        0x4 ./Middlewares/Third_Party/FreeRTOS/Source/portable/GCC/ARM_CM4F/port.o
 .data._impure_ptr
                0x20000010        0x4 /opt/st/stm32cubeide_1.19.0/plugins/com.st.stm32cube.ide.mcu.externaltools.gnu-tools-for-stm32.13.3.rel1.linux64_1.0.0.202410170706/tools/bin/../lib/gcc/arm-none-eabi/13.3.1/../../../../arm-none-eabi/lib/thumb/v7e-m+fp/hard/libc_nano.a(libc_a-impure.o)
                0x20000010                _impure_ptr
 .data._impure_data
                0x20000014       0x4c /opt/st/stm32cubeide_1.19.0/plugins/com.st.stm32cube.ide.mcu.externaltools.gnu-tools-for-stm32.13.3.rel1.linux64_1.0.0.202410170706/tools/bin/../lib/gcc/arm-none-eabi/13.3.1/../../../../arm-none-eabi/lib/thumb/v7e-m+fp/hard/libc_nano.a(libc_a-impure.o)
                0x20000014                _impure_data
 *(.RamFunc)
 *(.RamFunc*)
                0x20000060                        . = ALIGN (0x4)
                0x20000060                        _edata = .

.igot.plt       0x20000060        0x0 load address 0x0800a188
 .igot.plt      0x20000060        0x0 /opt/st/stm32cubeide_1.19.0/plugins/com.st.stm32cube.ide.mcu.externaltools.gnu-tools-for-stm32.13.3.rel1.linux64_1.0.0.202410170706/tools/bin/../lib/gcc/arm-none-eabi/13.3.1/thumb/v7e-m+fp/hard/crtbegin.o
                0x20000060                        . = ALIGN (0x4)

.bss            0x20000060     0x140c load address 0x0800a188
                0x20000060                        _sbss = .
                0x20000060                        __bss_start__ = _sbss
 *(.bss)
 .bss           0x20000060       0x1c /opt/st/stm32cubeide_1.19.0/plugins/com.st.stm32cube.ide.mcu.externaltools.gnu-tools-for-stm32.13.3.rel1.linux64_1.0.0.202410170706/tools/bin/../lib/gcc/arm-none-eabi/13.3.1/thumb/v7e-m+fp/hard/crtbegin.o
 *(.bss*)
 .bss.xIdleTaskTCBBuffer
                0x2000007c       0xa0 ./Core/Src/freertos.o
 .bss.xIdleStack
                0x2000011c      0x200 ./Core/Src/freertos.o
 .bss.hcan1     0x2000031c       0x28 ./Core/Src/main.o
                0x2000031c                hcan1
 .bss.hi2c1     0x20000344       0x54 ./Core/Src/main.o
                0x20000344                hi2c1
 .bss.hi2c3     0x20000398       0x54 ./Core/Src/main.o
                0x20000398                hi2c3
 .bss.huart1    0x200003ec       0x88 ./Core/Src/main.o
                0x200003ec                huart1
 .bss.huart2    0x20000474       0x88 ./Core/Src/main.o
                0x20000474                huart2
 .bss.hdma_usart1_rx
                0x200004fc       0x48 ./Core/Src/main.o
                0x200004fc                hdma_usart1_rx
 .bss.hdma_usart2_rx
                0x20000544       0x48 ./Core/Src/main.o
                0x20000544                hdma_usart2_rx
 .bss.CAN_TransmitHandle
                0x2000058c        0x4 ./Core/Src/main.o
                0x2000058c                CAN_TransmitHandle
 .bss.UART_ReceptionHandle
                0x20000590        0x4 ./Core/Src/main.o
                0x20000590                UART_ReceptionHandle
 .bss.UART_TransmitHandle
                0x20000594        0x4 ./Core/Src/main.o
                0x20000594                UART_TransmitHandle
 .bss.MUX_PRESHandle
                0x20000598        0x4 ./Core/Src/main.o
                0x20000598                MUX_PRESHandle
 .bss.__sbrk_heap_end
                0x2000059c        0x4 ./Core/Src/sysmem.o
 .bss.g_data_logger
                0x200005a0        0x4 ./Core/Src/thread_proto.o
                0x200005a0                g_data_logger
 .bss.g_local_monitor
                0x200005a4        0x4 ./Core/Src/thread_proto.o
                0x200005a4                g_local_monitor
 .bss.g_driver_iface
                0x200005a8        0x4 ./Core/Src/thread_proto.o
                0x200005a8                g_driver_iface
 .bss.g_mux_iface
                0x200005ac        0x4 ./Core/Src/thread_proto.o
                0x200005ac                g_mux_iface
 .bss.g_logger_dma
                0x200005b0        0x4 ./Core/Src/thread_proto.o
                0x200005b0                g_logger_dma
 .bss.g_can_iface
                0x200005b4        0x4 ./Core/Src/thread_proto.o
                0x200005b4                g_can_iface
 .bss.Current_Target
                0x200005b8        0x4 ./Core/Src/thread_proto.o
                0x200005b8                Current_Target
 .bss.can_gpio_verification
                0x200005bc        0x1 ./Core/Src/thread_proto.o
                0x200005bc                can_gpio_verification
 *fill*         0x200005bd        0x3 
 .bss.global_action_flag
                0x200005c0        0x4 ./Core/Src/thread_proto.o
                0x200005c0                global_action_flag
 .bss.g_driver_data
                0x200005c4        0x4 ./Core/Src/thread_proto.o
                0x200005c4                g_driver_data
 .bss.g_sensor_data
                0x200005c8        0x4 ./Core/Src/thread_proto.o
                0x200005c8                g_sensor_data
 .bss.rx_buff   0x200005cc        0xa ./Core/Src/thread_proto.o
                0x200005cc                rx_buff
 *fill*         0x200005d6        0x2 
 .bss.main_buff
                0x200005d8       0x14 ./Core/Src/thread_proto.o
                0x200005d8                main_buff
 .bss.rx_validation
                0x200005ec        0x4 ./Core/Src/thread_proto.o
                0x200005ec                rx_validation
 .bss.TxHeader  0x200005f0       0x18 ./Core/Src/thread_proto.o
                0x200005f0                TxHeader
 .bss.TxMailbox
                0x20000608        0x4 ./Core/Src/thread_proto.o
                0x20000608                TxMailbox
 .bss.TxData    0x2000060c        0x8 ./Core/Src/thread_proto.o
                0x2000060c                TxData
 .bss.uwTick    0x20000614        0x4 ./Drivers/STM32L4xx_HAL_Driver/Src/stm32l4xx_hal.o
                0x20000614                uwTick
 .bss.pxCurrentTCB
                0x20000618        0x4 ./Middlewares/Third_Party/FreeRTOS/Source/tasks.o
                0x20000618                pxCurrentTCB
 .bss.pxReadyTasksLists
                0x2000061c       0x8c ./Middlewares/Third_Party/FreeRTOS/Source/tasks.o
 .bss.xDelayedTaskList1
                0x200006a8       0x14 ./Middlewares/Third_Party/FreeRTOS/Source/tasks.o
 .bss.xDelayedTaskList2
                0x200006bc       0x14 ./Middlewares/Third_Party/FreeRTOS/Source/tasks.o
 .bss.pxDelayedTaskList
                0x200006d0        0x4 ./Middlewares/Third_Party/FreeRTOS/Source/tasks.o
 .bss.pxOverflowDelayedTaskList
                0x200006d4        0x4 ./Middlewares/Third_Party/FreeRTOS/Source/tasks.o
 .bss.xPendingReadyList
                0x200006d8       0x14 ./Middlewares/Third_Party/FreeRTOS/Source/tasks.o
 .bss.xTasksWaitingTermination
                0x200006ec       0x14 ./Middlewares/Third_Party/FreeRTOS/Source/tasks.o
 .bss.uxDeletedTasksWaitingCleanUp
                0x20000700        0x4 ./Middlewares/Third_Party/FreeRTOS/Source/tasks.o
 .bss.xSuspendedTaskList
                0x20000704       0x14 ./Middlewares/Third_Party/FreeRTOS/Source/tasks.o
 .bss.uxCurrentNumberOfTasks
                0x20000718        0x4 ./Middlewares/Third_Party/FreeRTOS/Source/tasks.o
 .bss.xTickCount
                0x2000071c        0x4 ./Middlewares/Third_Party/FreeRTOS/Source/tasks.o
 .bss.uxTopReadyPriority
                0x20000720        0x4 ./Middlewares/Third_Party/FreeRTOS/Source/tasks.o
 .bss.xSchedulerRunning
                0x20000724        0x4 ./Middlewares/Third_Party/FreeRTOS/Source/tasks.o
 .bss.xPendedTicks
                0x20000728        0x4 ./Middlewares/Third_Party/FreeRTOS/Source/tasks.o
 .bss.xYieldPending
                0x2000072c        0x4 ./Middlewares/Third_Party/FreeRTOS/Source/tasks.o
 .bss.xNumOfOverflows
                0x20000730        0x4 ./Middlewares/Third_Party/FreeRTOS/Source/tasks.o
 .bss.uxTaskNumber
                0x20000734        0x4 ./Middlewares/Third_Party/FreeRTOS/Source/tasks.o
 .bss.xNextTaskUnblockTime
                0x20000738        0x4 ./Middlewares/Third_Party/FreeRTOS/Source/tasks.o
 .bss.xIdleTaskHandle
                0x2000073c        0x4 ./Middlewares/Third_Party/FreeRTOS/Source/tasks.o
 .bss.uxSchedulerSuspended
                0x20000740        0x4 ./Middlewares/Third_Party/FreeRTOS/Source/tasks.o
 .bss.ucMaxSysCallPriority
                0x20000744        0x1 ./Middlewares/Third_Party/FreeRTOS/Source/portable/GCC/ARM_CM4F/port.o
 *fill*         0x20000745        0x3 
 .bss.ulMaxPRIGROUPValue
                0x20000748        0x4 ./Middlewares/Third_Party/FreeRTOS/Source/portable/GCC/ARM_CM4F/port.o
 .bss.ucHeap    0x2000074c      0xbb8 ./Middlewares/Third_Party/FreeRTOS/Source/portable/MemMang/heap_4.o
 .bss.xStart    0x20001304        0x8 ./Middlewares/Third_Party/FreeRTOS/Source/portable/MemMang/heap_4.o
 .bss.pxEnd     0x2000130c        0x4 ./Middlewares/Third_Party/FreeRTOS/Source/portable/MemMang/heap_4.o
 .bss.xFreeBytesRemaining
                0x20001310        0x4 ./Middlewares/Third_Party/FreeRTOS/Source/portable/MemMang/heap_4.o
 .bss.xMinimumEverFreeBytesRemaining
                0x20001314        0x4 ./Middlewares/Third_Party/FreeRTOS/Source/portable/MemMang/heap_4.o
 .bss.xNumberOfSuccessfulAllocations
                0x20001318        0x4 ./Middlewares/Third_Party/FreeRTOS/Source/portable/MemMang/heap_4.o
 .bss.xNumberOfSuccessfulFrees
                0x2000131c        0x4 ./Middlewares/Third_Party/FreeRTOS/Source/portable/MemMang/heap_4.o
 .bss.xBlockAllocatedBit
                0x20001320        0x4 ./Middlewares/Third_Party/FreeRTOS/Source/portable/MemMang/heap_4.o
 .bss.__sf      0x20001324      0x138 /opt/st/stm32cubeide_1.19.0/plugins/com.st.stm32cube.ide.mcu.externaltools.gnu-tools-for-stm32.13.3.rel1.linux64_1.0.0.202410170706/tools/bin/../lib/gcc/arm-none-eabi/13.3.1/../../../../arm-none-eabi/lib/thumb/v7e-m+fp/hard/libc_nano.a(libc_a-findfp.o)
                0x20001324                __sf
 .bss.errno     0x2000145c        0x4 /opt/st/stm32cubeide_1.19.0/plugins/com.st.stm32cube.ide.mcu.externaltools.gnu-tools-for-stm32.13.3.rel1.linux64_1.0.0.202410170706/tools/bin/../lib/gcc/arm-none-eabi/13.3.1/../../../../arm-none-eabi/lib/thumb/v7e-m+fp/hard/libc_nano.a(libc_a-reent.o)
                0x2000145c                errno
 .bss.__lock___malloc_recursive_mutex
                0x20001460        0x1 /opt/st/stm32cubeide_1.19.0/plugins/com.st.stm32cube.ide.mcu.externaltools.gnu-tools-for-stm32.13.3.rel1.linux64_1.0.0.202410170706/tools/bin/../lib/gcc/arm-none-eabi/13.3.1/../../../../arm-none-eabi/lib/thumb/v7e-m+fp/hard/libc_nano.a(libc_a-lock.o)
                0x20001460                __lock___malloc_recursive_mutex
 *fill*         0x20001461        0x3 
 .bss.__malloc_sbrk_start
                0x20001464        0x4 /opt/st/stm32cubeide_1.19.0/plugins/com.st.stm32cube.ide.mcu.externaltools.gnu-tools-for-stm32.13.3.rel1.linux64_1.0.0.202410170706/tools/bin/../lib/gcc/arm-none-eabi/13.3.1/../../../../arm-none-eabi/lib/thumb/v7e-m+fp/hard/libc_nano.a(libc_a-mallocr.o)
                0x20001464                __malloc_sbrk_start
 .bss.__malloc_free_list
                0x20001468        0x4 /opt/st/stm32cubeide_1.19.0/plugins/com.st.stm32cube.ide.mcu.externaltools.gnu-tools-for-stm32.13.3.rel1.linux64_1.0.0.202410170706/tools/bin/../lib/gcc/arm-none-eabi/13.3.1/../../../../arm-none-eabi/lib/thumb/v7e-m+fp/hard/libc_nano.a(libc_a-mallocr.o)
                0x20001468                __malloc_free_list
 *(COMMON)
                0x2000146c                        . = ALIGN (0x4)
                0x2000146c                        _ebss = .
                0x2000146c                        __bss_end__ = _ebss

._user_heap_stack
                0x2000146c      0x604 load address 0x0800a188
                0x20001470                        . = ALIGN (0x8)
 *fill*         0x2000146c        0x4 
                [!provide]                        PROVIDE (end = .)
                0x20001470                        PROVIDE (_end = .)
                0x20001670                        . = (. + _Min_Heap_Size)
 *fill*         0x20001470      0x200 
                0x20001a70                        . = (. + _Min_Stack_Size)
 *fill*         0x20001670      0x400 
                0x20001a70                        . = ALIGN (0x8)

/DISCARD/
 libc.a(*)
 libm.a(*)
 libgcc.a(*)

.ARM.attributes
                0x00000000       0x30
 *(.ARM.attributes)
 .ARM.attributes
                0x00000000       0x22 /opt/st/stm32cubeide_1.19.0/plugins/com.st.stm32cube.ide.mcu.externaltools.gnu-tools-for-stm32.13.3.rel1.linux64_1.0.0.202410170706/tools/bin/../lib/gcc/arm-none-eabi/13.3.1/thumb/v7e-m+fp/hard/crti.o
 .ARM.attributes
                0x00000022       0x34 /opt/st/stm32cubeide_1.19.0/plugins/com.st.stm32cube.ide.mcu.externaltools.gnu-tools-for-stm32.13.3.rel1.linux64_1.0.0.202410170706/tools/bin/../lib/gcc/arm-none-eabi/13.3.1/thumb/v7e-m+fp/hard/crtbegin.o
 .ARM.attributes
                0x00000056       0x34 ./Core/Src/bmp280.o
 .ARM.attributes
                0x0000008a       0x34 ./Core/Src/cobs_crc16.o
 .ARM.attributes
                0x000000be       0x34 ./Core/Src/freertos.o
 .ARM.attributes
                0x000000f2       0x34 ./Core/Src/i2c-mux.o
 .ARM.attributes
                0x00000126       0x34 ./Core/Src/integration_max6650.o
 .ARM.attributes
                0x0000015a       0x34 ./Core/Src/integration_mux_bmp280.o
 .ARM.attributes
                0x0000018e       0x34 ./Core/Src/main.o
 .ARM.attributes
                0x000001c2       0x34 ./Core/Src/stm32l4xx_hal_msp.o
 .ARM.attributes
                0x000001f6       0x34 ./Core/Src/stm32l4xx_it.o
 .ARM.attributes
                0x0000022a       0x34 ./Core/Src/sysmem.o
 .ARM.attributes
                0x0000025e       0x34 ./Core/Src/system_stm32l4xx.o
 .ARM.attributes
                0x00000292       0x34 ./Core/Src/thread_proto.o
 .ARM.attributes
                0x000002c6       0x21 ./Core/Startup/startup_stm32l432kcux.o
 .ARM.attributes
                0x000002e7       0x34 ./Drivers/STM32L4xx_HAL_Driver/Src/stm32l4xx_hal.o
 .ARM.attributes
                0x0000031b       0x34 ./Drivers/STM32L4xx_HAL_Driver/Src/stm32l4xx_hal_can.o
 .ARM.attributes
                0x0000034f       0x34 ./Drivers/STM32L4xx_HAL_Driver/Src/stm32l4xx_hal_cortex.o
 .ARM.attributes
                0x00000383       0x34 ./Drivers/STM32L4xx_HAL_Driver/Src/stm32l4xx_hal_dma.o
 .ARM.attributes
                0x000003b7       0x34 ./Drivers/STM32L4xx_HAL_Driver/Src/stm32l4xx_hal_gpio.o
 .ARM.attributes
                0x000003eb       0x34 ./Drivers/STM32L4xx_HAL_Driver/Src/stm32l4xx_hal_i2c.o
 .ARM.attributes
                0x0000041f       0x34 ./Drivers/STM32L4xx_HAL_Driver/Src/stm32l4xx_hal_i2c_ex.o
 .ARM.attributes
                0x00000453       0x34 ./Drivers/STM32L4xx_HAL_Driver/Src/stm32l4xx_hal_pwr_ex.o
 .ARM.attributes
                0x00000487       0x34 ./Drivers/STM32L4xx_HAL_Driver/Src/stm32l4xx_hal_rcc.o
 .ARM.attributes
                0x000004bb       0x34 ./Drivers/STM32L4xx_HAL_Driver/Src/stm32l4xx_hal_rcc_ex.o
 .ARM.attributes
                0x000004ef       0x34 ./Drivers/STM32L4xx_HAL_Driver/Src/stm32l4xx_hal_uart.o
 .ARM.attributes
                0x00000523       0x34 ./Drivers/STM32L4xx_HAL_Driver/Src/stm32l4xx_hal_uart_ex.o
 .ARM.attributes
                0x00000557       0x34 ./Middlewares/Third_Party/FreeRTOS/Source/CMSIS_RTOS/cmsis_os.o
 .ARM.attributes
                0x0000058b       0x34 ./Middlewares/Third_Party/FreeRTOS/Source/list.o
 .ARM.attributes
                0x000005bf       0x34 ./Middlewares/Third_Party/FreeRTOS/Source/tasks.o
 .ARM.attributes
                0x000005f3       0x34 ./Middlewares/Third_Party/FreeRTOS/Source/portable/GCC/ARM_CM4F/port.o
 .ARM.attributes
                0x00000627       0x34 ./Middlewares/Third_Party/FreeRTOS/Source/portable/MemMang/heap_4.o
 .ARM.attributes
                0x0000065b       0x34 /opt/st/stm32cubeide_1.19.0/plugins/com.st.stm32cube.ide.mcu.externaltools.gnu-tools-for-stm32.13.3.rel1.linux64_1.0.0.202410170706/tools/bin/../lib/gcc/arm-none-eabi/13.3.1/../../../../arm-none-eabi/lib/thumb/v7e-m+fp/hard/libc_nano.a(libc_a-findfp.o)
 .ARM.attributes
                0x0000068f       0x34 /opt/st/stm32cubeide_1.19.0/plugins/com.st.stm32cube.ide.mcu.externaltools.gnu-tools-for-stm32.13.3.rel1.linux64_1.0.0.202410170706/tools/bin/../lib/gcc/arm-none-eabi/13.3.1/../../../../arm-none-eabi/lib/thumb/v7e-m+fp/hard/libc_nano.a(libc_a-snprintf.o)
 .ARM.attributes
                0x000006c3       0x34 /opt/st/stm32cubeide_1.19.0/plugins/com.st.stm32cube.ide.mcu.externaltools.gnu-tools-for-stm32.13.3.rel1.linux64_1.0.0.202410170706/tools/bin/../lib/gcc/arm-none-eabi/13.3.1/../../../../arm-none-eabi/lib/thumb/v7e-m+fp/hard/libc_nano.a(libc_a-memcmp.o)
 .ARM.attributes
                0x000006f7       0x34 /opt/st/stm32cubeide_1.19.0/plugins/com.st.stm32cube.ide.mcu.externaltools.gnu-tools-for-stm32.13.3.rel1.linux64_1.0.0.202410170706/tools/bin/../lib/gcc/arm-none-eabi/13.3.1/../../../../arm-none-eabi/lib/thumb/v7e-m+fp/hard/libc_nano.a(libc_a-memset.o)
 .ARM.attributes
                0x0000072b       0x34 /opt/st/stm32cubeide_1.19.0/plugins/com.st.stm32cube.ide.mcu.externaltools.gnu-tools-for-stm32.13.3.rel1.linux64_1.0.0.202410170706/tools/bin/../lib/gcc/arm-none-eabi/13.3.1/../../../../arm-none-eabi/lib/thumb/v7e-m+fp/hard/libc_nano.a(libc_a-reent.o)
 .ARM.attributes
                0x0000075f       0x34 /opt/st/stm32cubeide_1.19.0/plugins/com.st.stm32cube.ide.mcu.externaltools.gnu-tools-for-stm32.13.3.rel1.linux64_1.0.0.202410170706/tools/bin/../lib/gcc/arm-none-eabi/13.3.1/../../../../arm-none-eabi/lib/thumb/v7e-m+fp/hard/libc_nano.a(libc_a-impure.o)
 .ARM.attributes
                0x00000793       0x34 /opt/st/stm32cubeide_1.19.0/plugins/com.st.stm32cube.ide.mcu.externaltools.gnu-tools-for-stm32.13.3.rel1.linux64_1.0.0.202410170706/tools/bin/../lib/gcc/arm-none-eabi/13.3.1/../../../../arm-none-eabi/lib/thumb/v7e-m+fp/hard/libc_nano.a(libc_a-errno.o)
 .ARM.attributes
                0x000007c7       0x34 /opt/st/stm32cubeide_1.19.0/plugins/com.st.stm32cube.ide.mcu.externaltools.gnu-tools-for-stm32.13.3.rel1.linux64_1.0.0.202410170706/tools/bin/../lib/gcc/arm-none-eabi/13.3.1/../../../../arm-none-eabi/lib/thumb/v7e-m+fp/hard/libc_nano.a(libc_a-init.o)
 .ARM.attributes
                0x000007fb       0x34 /opt/st/stm32cubeide_1.19.0/plugins/com.st.stm32cube.ide.mcu.externaltools.gnu-tools-for-stm32.13.3.rel1.linux64_1.0.0.202410170706/tools/bin/../lib/gcc/arm-none-eabi/13.3.1/../../../../arm-none-eabi/lib/thumb/v7e-m+fp/hard/libc_nano.a(libc_a-lock.o)
 .ARM.attributes
                0x0000082f       0x34 /opt/st/stm32cubeide_1.19.0/plugins/com.st.stm32cube.ide.mcu.externaltools.gnu-tools-for-stm32.13.3.rel1.linux64_1.0.0.202410170706/tools/bin/../lib/gcc/arm-none-eabi/13.3.1/../../../../arm-none-eabi/lib/thumb/v7e-m+fp/hard/libc_nano.a(libc_a-memcpy-stub.o)
 .ARM.attributes
                0x00000863       0x34 /opt/st/stm32cubeide_1.19.0/plugins/com.st.stm32cube.ide.mcu.externaltools.gnu-tools-for-stm32.13.3.rel1.linux64_1.0.0.202410170706/tools/bin/../lib/gcc/arm-none-eabi/13.3.1/../../../../arm-none-eabi/lib/thumb/v7e-m+fp/hard/libc_nano.a(libc_a-freer.o)
 .ARM.attributes
                0x00000897       0x34 /opt/st/stm32cubeide_1.19.0/plugins/com.st.stm32cube.ide.mcu.externaltools.gnu-tools-for-stm32.13.3.rel1.linux64_1.0.0.202410170706/tools/bin/../lib/gcc/arm-none-eabi/13.3.1/../../../../arm-none-eabi/lib/thumb/v7e-m+fp/hard/libc_nano.a(libc_a-mallocr.o)
 .ARM.attributes
                0x000008cb       0x34 /opt/st/stm32cubeide_1.19.0/plugins/com.st.stm32cube.ide.mcu.externaltools.gnu-tools-for-stm32.13.3.rel1.linux64_1.0.0.202410170706/tools/bin/../lib/gcc/arm-none-eabi/13.3.1/../../../../arm-none-eabi/lib/thumb/v7e-m+fp/hard/libc_nano.a(libc_a-mlock.o)
 .ARM.attributes
                0x000008ff       0x34 /opt/st/stm32cubeide_1.19.0/plugins/com.st.stm32cube.ide.mcu.externaltools.gnu-tools-for-stm32.13.3.rel1.linux64_1.0.0.202410170706/tools/bin/../lib/gcc/arm-none-eabi/13.3.1/../../../../arm-none-eabi/lib/thumb/v7e-m+fp/hard/libc_nano.a(libc_a-nano-svfprintf.o)
 .ARM.attributes
                0x00000933       0x34 /opt/st/stm32cubeide_1.19.0/plugins/com.st.stm32cube.ide.mcu.externaltools.gnu-tools-for-stm32.13.3.rel1.linux64_1.0.0.202410170706/tools/bin/../lib/gcc/arm-none-eabi/13.3.1/../../../../arm-none-eabi/lib/thumb/v7e-m+fp/hard/libc_nano.a(libc_a-nano-vfprintf_i.o)
 .ARM.attributes
                0x00000967       0x34 /opt/st/stm32cubeide_1.19.0/plugins/com.st.stm32cube.ide.mcu.externaltools.gnu-tools-for-stm32.13.3.rel1.linux64_1.0.0.202410170706/tools/bin/../lib/gcc/arm-none-eabi/13.3.1/../../../../arm-none-eabi/lib/thumb/v7e-m+fp/hard/libc_nano.a(libc_a-memmove.o)
 .ARM.attributes
                0x0000099b       0x34 /opt/st/stm32cubeide_1.19.0/plugins/com.st.stm32cube.ide.mcu.externaltools.gnu-tools-for-stm32.13.3.rel1.linux64_1.0.0.202410170706/tools/bin/../lib/gcc/arm-none-eabi/13.3.1/../../../../arm-none-eabi/lib/thumb/v7e-m+fp/hard/libc_nano.a(libc_a-sbrkr.o)
 .ARM.attributes
                0x000009cf       0x1c /opt/st/stm32cubeide_1.19.0/plugins/com.st.stm32cube.ide.mcu.externaltools.gnu-tools-for-stm32.13.3.rel1.linux64_1.0.0.202410170706/tools/bin/../lib/gcc/arm-none-eabi/13.3.1/../../../../arm-none-eabi/lib/thumb/v7e-m+fp/hard/libc_nano.a(libc_a-memchr.o)
 .ARM.attributes
                0x000009eb       0x34 /opt/st/stm32cubeide_1.19.0/plugins/com.st.stm32cube.ide.mcu.externaltools.gnu-tools-for-stm32.13.3.rel1.linux64_1.0.0.202410170706/tools/bin/../lib/gcc/arm-none-eabi/13.3.1/../../../../arm-none-eabi/lib/thumb/v7e-m+fp/hard/libc_nano.a(libc_a-reallocr.o)
 .ARM.attributes
                0x00000a1f       0x34 /opt/st/stm32cubeide_1.19.0/plugins/com.st.stm32cube.ide.mcu.externaltools.gnu-tools-for-stm32.13.3.rel1.linux64_1.0.0.202410170706/tools/bin/../lib/gcc/arm-none-eabi/13.3.1/../../../../arm-none-eabi/lib/thumb/v7e-m+fp/hard/libc_nano.a(libc_a-msizer.o)
 .ARM.attributes
                0x00000a53       0x22 /opt/st/stm32cubeide_1.19.0/plugins/com.st.stm32cube.ide.mcu.externaltools.gnu-tools-for-stm32.13.3.rel1.linux64_1.0.0.202410170706/tools/bin/../lib/gcc/arm-none-eabi/13.3.1/thumb/v7e-m+fp/hard/libgcc.a(_aeabi_ldivmod.o)
 .ARM.attributes
                0x00000a75       0x22 /opt/st/stm32cubeide_1.19.0/plugins/com.st.stm32cube.ide.mcu.externaltools.gnu-tools-for-stm32.13.3.rel1.linux64_1.0.0.202410170706/tools/bin/../lib/gcc/arm-none-eabi/13.3.1/thumb/v7e-m+fp/hard/libgcc.a(_aeabi_uldivmod.o)
 .ARM.attributes
                0x00000a97       0x34 /opt/st/stm32cubeide_1.19.0/plugins/com.st.stm32cube.ide.mcu.externaltools.gnu-tools-for-stm32.13.3.rel1.linux64_1.0.0.202410170706/tools/bin/../lib/gcc/arm-none-eabi/13.3.1/thumb/v7e-m+fp/hard/libgcc.a(_udivmoddi4.o)
 .ARM.attributes
                0x00000acb       0x22 /opt/st/stm32cubeide_1.19.0/plugins/com.st.stm32cube.ide.mcu.externaltools.gnu-tools-for-stm32.13.3.rel1.linux64_1.0.0.202410170706/tools/bin/../lib/gcc/arm-none-eabi/13.3.1/thumb/v7e-m+fp/hard/libgcc.a(_dvmd_tls.o)
 .ARM.attributes
                0x00000aed       0x22 /opt/st/stm32cubeide_1.19.0/plugins/com.st.stm32cube.ide.mcu.externaltools.gnu-tools-for-stm32.13.3.rel1.linux64_1.0.0.202410170706/tools/bin/../lib/gcc/arm-none-eabi/13.3.1/thumb/v7e-m+fp/hard/crtn.o
OUTPUT(hylight_auto_mann.elf elf32-littlearm)
LOAD linker stubs
LOAD /opt/st/stm32cubeide_1.19.0/plugins/com.st.stm32cube.ide.mcu.externaltools.gnu-tools-for-stm32.13.3.rel1.linux64_1.0.0.202410170706/tools/bin/../lib/gcc/arm-none-eabi/13.3.1/../../../../arm-none-eabi/lib/thumb/v7e-m+fp/hard/libc.a
LOAD /opt/st/stm32cubeide_1.19.0/plugins/com.st.stm32cube.ide.mcu.externaltools.gnu-tools-for-stm32.13.3.rel1.linux64_1.0.0.202410170706/tools/bin/../lib/gcc/arm-none-eabi/13.3.1/../../../../arm-none-eabi/lib/thumb/v7e-m+fp/hard/libm.a
LOAD /opt/st/stm32cubeide_1.19.0/plugins/com.st.stm32cube.ide.mcu.externaltools.gnu-tools-for-stm32.13.3.rel1.linux64_1.0.0.202410170706/tools/bin/../lib/gcc/arm-none-eabi/13.3.1/thumb/v7e-m+fp/hard/libgcc.a

.debug_info     0x00000000    0x1c401
 .debug_info    0x00000000      0xe6d ./Core/Src/bmp280.o
 .debug_info    0x00000e6d      0x646 ./Core/Src/cobs_crc16.o
 .debug_info    0x000014b3      0x919 ./Core/Src/freertos.o
 .debug_info    0x00001dcc      0x841 ./Core/Src/i2c-mux.o
 .debug_info    0x0000260d      0xb06 ./Core/Src/integration_max6650.o
 .debug_info    0x00003113      0xdb3 ./Core/Src/integration_mux_bmp280.o
 .debug_info    0x00003ec6     0x21da ./Core/Src/main.o
 .debug_info    0x000060a0     0x16dc ./Core/Src/stm32l4xx_hal_msp.o
 .debug_info    0x0000777c      0x796 ./Core/Src/stm32l4xx_it.o
 .debug_info    0x00007f12      0x168 ./Core/Src/sysmem.o
 .debug_info    0x0000807a      0x5bf ./Core/Src/system_stm32l4xx.o
 .debug_info    0x00008639     0x1fed ./Core/Src/thread_proto.o
 .debug_info    0x0000a626       0x30 ./Core/Startup/startup_stm32l432kcux.o
 .debug_info    0x0000a656      0x99e ./Drivers/STM32L4xx_HAL_Driver/Src/stm32l4xx_hal.o
 .debug_info    0x0000aff4      0xf4c ./Drivers/STM32L4xx_HAL_Driver/Src/stm32l4xx_hal_can.o
 .debug_info    0x0000bf40      0xd03 ./Drivers/STM32L4xx_HAL_Driver/Src/stm32l4xx_hal_cortex.o
 .debug_info    0x0000cc43      0x6f4 ./Drivers/STM32L4xx_HAL_Driver/Src/stm32l4xx_hal_dma.o
 .debug_info    0x0000d337      0x757 ./Drivers/STM32L4xx_HAL_Driver/Src/stm32l4xx_hal_gpio.o
 .debug_info    0x0000da8e     0x20d2 ./Drivers/STM32L4xx_HAL_Driver/Src/stm32l4xx_hal_i2c.o
 .debug_info    0x0000fb60      0x981 ./Drivers/STM32L4xx_HAL_Driver/Src/stm32l4xx_hal_i2c_ex.o
 .debug_info    0x000104e1      0x920 ./Drivers/STM32L4xx_HAL_Driver/Src/stm32l4xx_hal_pwr_ex.o
 .debug_info    0x00010e01      0xbc3 ./Drivers/STM32L4xx_HAL_Driver/Src/stm32l4xx_hal_rcc.o
 .debug_info    0x000119c4      0xee5 ./Drivers/STM32L4xx_HAL_Driver/Src/stm32l4xx_hal_rcc_ex.o
 .debug_info    0x000128a9     0x3b77 ./Drivers/STM32L4xx_HAL_Driver/Src/stm32l4xx_hal_uart.o
 .debug_info    0x00016420      0xdff ./Drivers/STM32L4xx_HAL_Driver/Src/stm32l4xx_hal_uart_ex.o
 .debug_info    0x0001721f     0x21e2 ./Middlewares/Third_Party/FreeRTOS/Source/CMSIS_RTOS/cmsis_os.o
 .debug_info    0x00019401      0x2af ./Middlewares/Third_Party/FreeRTOS/Source/list.o
 .debug_info    0x000196b0     0x239e ./Middlewares/Third_Party/FreeRTOS/Source/tasks.o
 .debug_info    0x0001ba4e      0x4de ./Middlewares/Third_Party/FreeRTOS/Source/portable/GCC/ARM_CM4F/port.o
 .debug_info    0x0001bf2c      0x4d5 ./Middlewares/Third_Party/FreeRTOS/Source/portable/MemMang/heap_4.o

.debug_abbrev   0x00000000     0x4105
 .debug_abbrev  0x00000000      0x27f ./Core/Src/bmp280.o
 .debug_abbrev  0x0000027f      0x15e ./Core/Src/cobs_crc16.o
 .debug_abbrev  0x000003dd      0x16f ./Core/Src/freertos.o
 .debug_abbrev  0x0000054c      0x1ca ./Core/Src/i2c-mux.o
 .debug_abbrev  0x00000716      0x1f1 ./Core/Src/integration_max6650.o
 .debug_abbrev  0x00000907      0x211 ./Core/Src/integration_mux_bmp280.o
 .debug_abbrev  0x00000b18      0x365 ./Core/Src/main.o
 .debug_abbrev  0x00000e7d      0x26d ./Core/Src/stm32l4xx_hal_msp.o
 .debug_abbrev  0x000010ea      0x19c ./Core/Src/stm32l4xx_it.o
 .debug_abbrev  0x00001286       0xbc ./Core/Src/sysmem.o
 .debug_abbrev  0x00001342      0x11a ./Core/Src/system_stm32l4xx.o
 .debug_abbrev  0x0000145c      0x2e6 ./Core/Src/thread_proto.o
 .debug_abbrev  0x00001742       0x24 ./Core/Startup/startup_stm32l432kcux.o
 .debug_abbrev  0x00001766      0x225 ./Drivers/STM32L4xx_HAL_Driver/Src/stm32l4xx_hal.o
 .debug_abbrev  0x0000198b      0x234 ./Drivers/STM32L4xx_HAL_Driver/Src/stm32l4xx_hal_can.o
 .debug_abbrev  0x00001bbf      0x31c ./Drivers/STM32L4xx_HAL_Driver/Src/stm32l4xx_hal_cortex.o
 .debug_abbrev  0x00001edb      0x1e4 ./Drivers/STM32L4xx_HAL_Driver/Src/stm32l4xx_hal_dma.o
 .debug_abbrev  0x000020bf      0x1cb ./Drivers/STM32L4xx_HAL_Driver/Src/stm32l4xx_hal_gpio.o
 .debug_abbrev  0x0000228a      0x261 ./Drivers/STM32L4xx_HAL_Driver/Src/stm32l4xx_hal_i2c.o
 .debug_abbrev  0x000024eb      0x1c3 ./Drivers/STM32L4xx_HAL_Driver/Src/stm32l4xx_hal_i2c_ex.o
 .debug_abbrev  0x000026ae      0x1f9 ./Drivers/STM32L4xx_HAL_Driver/Src/stm32l4xx_hal_pwr_ex.o
 .debug_abbrev  0x000028a7      0x2cb ./Drivers/STM32L4xx_HAL_Driver/Src/stm32l4xx_hal_rcc.o
 .debug_abbrev  0x00002b72      0x2a1 ./Drivers/STM32L4xx_HAL_Driver/Src/stm32l4xx_hal_rcc_ex.o
 .debug_abbrev  0x00002e13      0x2d0 ./Drivers/STM32L4xx_HAL_Driver/Src/stm32l4xx_hal_uart.o
 .debug_abbrev  0x000030e3      0x2be ./Drivers/STM32L4xx_HAL_Driver/Src/stm32l4xx_hal_uart_ex.o
 .debug_abbrev  0x000033a1      0x426 ./Middlewares/Third_Party/FreeRTOS/Source/CMSIS_RTOS/cmsis_os.o
 .debug_abbrev  0x000037c7       0xf5 ./Middlewares/Third_Party/FreeRTOS/Source/list.o
 .debug_abbrev  0x000038bc      0x3d0 ./Middlewares/Third_Party/FreeRTOS/Source/tasks.o
 .debug_abbrev  0x00003c8c      0x25c ./Middlewares/Third_Party/FreeRTOS/Source/portable/GCC/ARM_CM4F/port.o
 .debug_abbrev  0x00003ee8      0x21d ./Middlewares/Third_Party/FreeRTOS/Source/portable/MemMang/heap_4.o

.debug_aranges  0x00000000     0x1510
 .debug_aranges
                0x00000000       0x88 ./Core/Src/bmp280.o
 .debug_aranges
                0x00000088       0x60 ./Core/Src/cobs_crc16.o
 .debug_aranges
                0x000000e8       0x20 ./Core/Src/freertos.o
 .debug_aranges
                0x00000108       0x30 ./Core/Src/i2c-mux.o
 .debug_aranges
                0x00000138       0x70 ./Core/Src/integration_max6650.o
 .debug_aranges
                0x000001a8       0x40 ./Core/Src/integration_mux_bmp280.o
 .debug_aranges
                0x000001e8       0x70 ./Core/Src/main.o
 .debug_aranges
                0x00000258       0x50 ./Core/Src/stm32l4xx_hal_msp.o
 .debug_aranges
                0x000002a8       0x70 ./Core/Src/stm32l4xx_it.o
 .debug_aranges
                0x00000318       0x20 ./Core/Src/sysmem.o
 .debug_aranges
                0x00000338       0x28 ./Core/Src/system_stm32l4xx.o
 .debug_aranges
                0x00000360       0x68 ./Core/Src/thread_proto.o
 .debug_aranges
                0x000003c8       0x28 ./Core/Startup/startup_stm32l432kcux.o
 .debug_aranges
                0x000003f0      0x108 ./Drivers/STM32L4xx_HAL_Driver/Src/stm32l4xx_hal.o
 .debug_aranges
                0x000004f8      0x138 ./Drivers/STM32L4xx_HAL_Driver/Src/stm32l4xx_hal_can.o
 .debug_aranges
                0x00000630      0x128 ./Drivers/STM32L4xx_HAL_Driver/Src/stm32l4xx_hal_cortex.o
 .debug_aranges
                0x00000758       0x80 ./Drivers/STM32L4xx_HAL_Driver/Src/stm32l4xx_hal_dma.o
 .debug_aranges
                0x000007d8       0x58 ./Drivers/STM32L4xx_HAL_Driver/Src/stm32l4xx_hal_gpio.o
 .debug_aranges
                0x00000830      0x2a0 ./Drivers/STM32L4xx_HAL_Driver/Src/stm32l4xx_hal_i2c.o
 .debug_aranges
                0x00000ad0       0x48 ./Drivers/STM32L4xx_HAL_Driver/Src/stm32l4xx_hal_i2c_ex.o
 .debug_aranges
                0x00000b18      0x128 ./Drivers/STM32L4xx_HAL_Driver/Src/stm32l4xx_hal_pwr_ex.o
 .debug_aranges
                0x00000c40       0x90 ./Drivers/STM32L4xx_HAL_Driver/Src/stm32l4xx_hal_rcc.o
 .debug_aranges
                0x00000cd0       0xf0 ./Drivers/STM32L4xx_HAL_Driver/Src/stm32l4xx_hal_rcc_ex.o
 .debug_aranges
                0x00000dc0      0x228 ./Drivers/STM32L4xx_HAL_Driver/Src/stm32l4xx_hal_uart.o
 .debug_aranges
                0x00000fe8       0x80 ./Drivers/STM32L4xx_HAL_Driver/Src/stm32l4xx_hal_uart_ex.o
 .debug_aranges
                0x00001068      0x1d8 ./Middlewares/Third_Party/FreeRTOS/Source/CMSIS_RTOS/cmsis_os.o
 .debug_aranges
                0x00001240       0x40 ./Middlewares/Third_Party/FreeRTOS/Source/list.o
 .debug_aranges
                0x00001280      0x1b8 ./Middlewares/Third_Party/FreeRTOS/Source/tasks.o
 .debug_aranges
                0x00001438       0x80 ./Middlewares/Third_Party/FreeRTOS/Source/portable/GCC/ARM_CM4F/port.o
 .debug_aranges
                0x000014b8       0x58 ./Middlewares/Third_Party/FreeRTOS/Source/portable/MemMang/heap_4.o

.debug_rnglists
                0x00000000     0x1036
 .debug_rnglists
                0x00000000       0x68 ./Core/Src/bmp280.o
 .debug_rnglists
                0x00000068       0x49 ./Core/Src/cobs_crc16.o
 .debug_rnglists
                0x000000b1       0x13 ./Core/Src/freertos.o
 .debug_rnglists
                0x000000c4       0x20 ./Core/Src/i2c-mux.o
 .debug_rnglists
                0x000000e4       0x54 ./Core/Src/integration_max6650.o
 .debug_rnglists
                0x00000138       0x30 ./Core/Src/integration_mux_bmp280.o
 .debug_rnglists
                0x00000168       0x53 ./Core/Src/main.o
 .debug_rnglists
                0x000001bb       0x3b ./Core/Src/stm32l4xx_hal_msp.o
 .debug_rnglists
                0x000001f6       0x4f ./Core/Src/stm32l4xx_it.o
 .debug_rnglists
                0x00000245       0x13 ./Core/Src/sysmem.o
 .debug_rnglists
                0x00000258       0x1a ./Core/Src/system_stm32l4xx.o
 .debug_rnglists
                0x00000272       0x4e ./Core/Src/thread_proto.o
 .debug_rnglists
                0x000002c0       0x19 ./Core/Startup/startup_stm32l432kcux.o
 .debug_rnglists
                0x000002d9       0xc1 ./Drivers/STM32L4xx_HAL_Driver/Src/stm32l4xx_hal.o
 .debug_rnglists
                0x0000039a       0xee ./Drivers/STM32L4xx_HAL_Driver/Src/stm32l4xx_hal_can.o
 .debug_rnglists
                0x00000488       0xda ./Drivers/STM32L4xx_HAL_Driver/Src/stm32l4xx_hal_cortex.o
 .debug_rnglists
                0x00000562       0x64 ./Drivers/STM32L4xx_HAL_Driver/Src/stm32l4xx_hal_dma.o
 .debug_rnglists
                0x000005c6       0x3f ./Drivers/STM32L4xx_HAL_Driver/Src/stm32l4xx_hal_gpio.o
 .debug_rnglists
                0x00000605      0x228 ./Drivers/STM32L4xx_HAL_Driver/Src/stm32l4xx_hal_i2c.o
 .debug_rnglists
                0x0000082d       0x35 ./Drivers/STM32L4xx_HAL_Driver/Src/stm32l4xx_hal_i2c_ex.o
 .debug_rnglists
                0x00000862       0xdf ./Drivers/STM32L4xx_HAL_Driver/Src/stm32l4xx_hal_pwr_ex.o
 .debug_rnglists
                0x00000941       0x6d ./Drivers/STM32L4xx_HAL_Driver/Src/stm32l4xx_hal_rcc.o
 .debug_rnglists
                0x000009ae       0xba ./Drivers/STM32L4xx_HAL_Driver/Src/stm32l4xx_hal_rcc_ex.o
 .debug_rnglists
                0x00000a68      0x1db ./Drivers/STM32L4xx_HAL_Driver/Src/stm32l4xx_hal_uart.o
 .debug_rnglists
                0x00000c43       0x60 ./Drivers/STM32L4xx_HAL_Driver/Src/stm32l4xx_hal_uart_ex.o
 .debug_rnglists
                0x00000ca3      0x16a ./Middlewares/Third_Party/FreeRTOS/Source/CMSIS_RTOS/cmsis_os.o
 .debug_rnglists
                0x00000e0d       0x2b ./Middlewares/Third_Party/FreeRTOS/Source/list.o
 .debug_rnglists
                0x00000e38      0x15f ./Middlewares/Third_Party/FreeRTOS/Source/tasks.o
 .debug_rnglists
                0x00000f97       0x5d ./Middlewares/Third_Party/FreeRTOS/Source/portable/GCC/ARM_CM4F/port.o
 .debug_rnglists
                0x00000ff4       0x42 ./Middlewares/Third_Party/FreeRTOS/Source/portable/MemMang/heap_4.o

.debug_macro    0x00000000    0x23a22
 .debug_macro   0x00000000      0x24d ./Core/Src/bmp280.o
 .debug_macro   0x0000024d      0xad8 ./Core/Src/bmp280.o
 .debug_macro   0x00000d25      0x1ad ./Core/Src/bmp280.o
 .debug_macro   0x00000ed2       0x2e ./Core/Src/bmp280.o
 .debug_macro   0x00000f00       0x28 ./Core/Src/bmp280.o
 .debug_macro   0x00000f28       0x22 ./Core/Src/bmp280.o
 .debug_macro   0x00000f4a       0x8e ./Core/Src/bmp280.o
 .debug_macro   0x00000fd8       0x51 ./Core/Src/bmp280.o
 .debug_macro   0x00001029      0x103 ./Core/Src/bmp280.o
 .debug_macro   0x0000112c       0x6a ./Core/Src/bmp280.o
 .debug_macro   0x00001196      0x1df ./Core/Src/bmp280.o
 .debug_macro   0x00001375       0x1c ./Core/Src/bmp280.o
 .debug_macro   0x00001391       0x22 ./Core/Src/bmp280.o
 .debug_macro   0x000013b3       0xfb ./Core/Src/bmp280.o
 .debug_macro   0x000014ae     0x1011 ./Core/Src/bmp280.o
 .debug_macro   0x000024bf      0x11f ./Core/Src/bmp280.o
 .debug_macro   0x000025de    0x147a6 ./Core/Src/bmp280.o
 .debug_macro   0x00016d84       0x6d ./Core/Src/bmp280.o
 .debug_macro   0x00016df1     0x38fb ./Core/Src/bmp280.o
 .debug_macro   0x0001a6ec      0x190 ./Core/Src/bmp280.o
 .debug_macro   0x0001a87c       0x5c ./Core/Src/bmp280.o
 .debug_macro   0x0001a8d8     0x11ca ./Core/Src/bmp280.o
 .debug_macro   0x0001baa2      0x53c ./Core/Src/bmp280.o
 .debug_macro   0x0001bfde      0x1b9 ./Core/Src/bmp280.o
 .debug_macro   0x0001c197      0x122 ./Core/Src/bmp280.o
 .debug_macro   0x0001c2b9      0x26b ./Core/Src/bmp280.o
 .debug_macro   0x0001c524      0x23d ./Core/Src/bmp280.o
 .debug_macro   0x0001c761      0x408 ./Core/Src/bmp280.o
 .debug_macro   0x0001cb69      0x241 ./Core/Src/bmp280.o
 .debug_macro   0x0001cdaa      0x375 ./Core/Src/bmp280.o
 .debug_macro   0x0001d11f       0xd6 ./Core/Src/bmp280.o
 .debug_macro   0x0001d1f5      0x22c ./Core/Src/bmp280.o
 .debug_macro   0x0001d421       0x61 ./Core/Src/bmp280.o
 .debug_macro   0x0001d482       0xa5 ./Core/Src/bmp280.o
 .debug_macro   0x0001d527      0x122 ./Core/Src/bmp280.o
 .debug_macro   0x0001d649      0x356 ./Core/Src/bmp280.o
 .debug_macro   0x0001d99f      0x5cf ./Core/Src/bmp280.o
 .debug_macro   0x0001df6e       0x44 ./Core/Src/bmp280.o
 .debug_macro   0x0001dfb2      0x220 ./Core/Src/bmp280.o
 .debug_macro   0x0001e1d2       0x22 ./Core/Src/bmp280.o
 .debug_macro   0x0001e1f4       0x1c ./Core/Src/bmp280.o
 .debug_macro   0x0001e210      0x18c ./Core/Src/cobs_crc16.o
 .debug_macro   0x0001e39c       0x16 ./Core/Src/cobs_crc16.o
 .debug_macro   0x0001e3b2       0x61 ./Core/Src/cobs_crc16.o
 .debug_macro   0x0001e413       0x2a ./Core/Src/cobs_crc16.o
 .debug_macro   0x0001e43d       0x43 ./Core/Src/cobs_crc16.o
 .debug_macro   0x0001e480       0x34 ./Core/Src/cobs_crc16.o
 .debug_macro   0x0001e4b4      0x370 ./Core/Src/cobs_crc16.o
 .debug_macro   0x0001e824       0x16 ./Core/Src/cobs_crc16.o
 .debug_macro   0x0001e83a       0x4a ./Core/Src/cobs_crc16.o
 .debug_macro   0x0001e884       0x34 ./Core/Src/cobs_crc16.o
 .debug_macro   0x0001e8b8       0x10 ./Core/Src/cobs_crc16.o