../Core/Src/main.c:89:5:main	144	static
../Core/Src/main.c:184:6:SystemClock_Config	96	static
../Core/Src/main.c:229:13:MX_CAN1_Init	8	static
../Core/Src/main.c:266:13:MX_I2C1_Init	8	static
../Core/Src/main.c:314:13:MX_I2C3_Init	8	static
../Core/Src/main.c:362:13:MX_USART1_UART_Init	8	static
../Core/Src/main.c:397:13:MX_USART2_UART_Init	8	static
../Core/Src/main.c:430:13:MX_DMA_Init	16	static
../Core/Src/main.c:451:13:MX_GPIO_Init	40	static
../Core/Src/main.c:484:13:can_logger_cycle	16	static
../Core/Src/main.c:499:6:Error_Handler	4	static,ignoring_inline_asm
